Archive member included to satisfy reference by file (symbol)

d:/work_software/clion_embedded/gnu/10 2021.10/bin/../lib/gcc/arm-none-eabi/10.3.1/thumb/v7e-m/nofp\libgcc.a(_arm_muldf3.o)
                              CMakeFiles/recognition_car.elf.dir/HEADWARE/arithmetic.c.obj (__aeabi_dmul)
d:/work_software/clion_embedded/gnu/10 2021.10/bin/../lib/gcc/arm-none-eabi/10.3.1/thumb/v7e-m/nofp\libgcc.a(_arm_mulsf3.o)
                              CMakeFiles/recognition_car.elf.dir/Core/Src/main.c.obj (__aeabi_fmul)
d:/work_software/clion_embedded/gnu/10 2021.10/bin/../lib/gcc/arm-none-eabi/10.3.1/thumb/v7e-m/nofp\libgcc.a(_arm_addsubdf3.o)
                              CMakeFiles/recognition_car.elf.dir/HEADWARE/HX711.c.obj (__aeabi_dsub)
d:/work_software/clion_embedded/gnu/10 2021.10/bin/../lib/gcc/arm-none-eabi/10.3.1/thumb/v7e-m/nofp\libgcc.a(_arm_cmpdf2.o)
                              CMakeFiles/recognition_car.elf.dir/HEADWARE/pid.c.obj (__aeabi_dcmplt)
d:/work_software/clion_embedded/gnu/10 2021.10/bin/../lib/gcc/arm-none-eabi/10.3.1/thumb/v7e-m/nofp\libgcc.a(_arm_fixdfsi.o)
                              CMakeFiles/recognition_car.elf.dir/HEADWARE/arithmetic.c.obj (__aeabi_d2iz)
d:/work_software/clion_embedded/gnu/10 2021.10/bin/../lib/gcc/arm-none-eabi/10.3.1/thumb/v7e-m/nofp\libgcc.a(_arm_fixunsdfsi.o)
                              CMakeFiles/recognition_car.elf.dir/HEADWARE/arithmetic.c.obj (__aeabi_d2uiz)
d:/work_software/clion_embedded/gnu/10 2021.10/bin/../lib/gcc/arm-none-eabi/10.3.1/thumb/v7e-m/nofp\libgcc.a(_arm_truncdfsf2.o)
                              CMakeFiles/recognition_car.elf.dir/HEADWARE/HX711.c.obj (__aeabi_d2f)
d:/work_software/clion_embedded/gnu/10 2021.10/bin/../lib/gcc/arm-none-eabi/10.3.1/thumb/v7e-m/nofp\libgcc.a(_arm_addsubsf3.o)
                              CMakeFiles/recognition_car.elf.dir/Core/Src/main.c.obj (__aeabi_fsub)
d:/work_software/clion_embedded/gnu/10 2021.10/bin/../lib/gcc/arm-none-eabi/10.3.1/thumb/v7e-m/nofp\libgcc.a(_arm_muldivsf3.o)
                              CMakeFiles/recognition_car.elf.dir/Core/Src/main.c.obj (__aeabi_fdiv)
d:/work_software/clion_embedded/gnu/10 2021.10/bin/../lib/gcc/arm-none-eabi/10.3.1/thumb/v7e-m/nofp\libgcc.a(_arm_cmpsf2.o)
                              CMakeFiles/recognition_car.elf.dir/HEADWARE/pid.c.obj (__aeabi_fcmpeq)
d:/work_software/clion_embedded/gnu/10 2021.10/bin/../lib/gcc/arm-none-eabi/10.3.1/thumb/v7e-m/nofp\libgcc.a(_arm_fixsfsi.o)
                              CMakeFiles/recognition_car.elf.dir/HEADWARE/motor.c.obj (__aeabi_f2iz)
d:/work_software/clion_embedded/gnu/10 2021.10/bin/../lib/gcc/arm-none-eabi/10.3.1/thumb/v7e-m/nofp\libgcc.a(_arm_fixunssfsi.o)
                              CMakeFiles/recognition_car.elf.dir/HEADWARE/motor.c.obj (__aeabi_f2uiz)
d:/work_software/clion_embedded/gnu/10 2021.10/bin/../lib/gcc/arm-none-eabi/10.3.1/thumb/v7e-m/nofp\libgcc.a(_aeabi_uldivmod.o)
                              CMakeFiles/recognition_car.elf.dir/Drivers/STM32F4xx_HAL_Driver/Src/stm32f4xx_hal_rcc.c.obj (__aeabi_uldivmod)
d:/work_software/clion_embedded/gnu/10 2021.10/bin/../lib/gcc/arm-none-eabi/10.3.1/thumb/v7e-m/nofp\libgcc.a(_udivmoddi4.o)
                              d:/work_software/clion_embedded/gnu/10 2021.10/bin/../lib/gcc/arm-none-eabi/10.3.1/thumb/v7e-m/nofp\libgcc.a(_aeabi_uldivmod.o) (__udivmoddi4)
d:/work_software/clion_embedded/gnu/10 2021.10/bin/../lib/gcc/arm-none-eabi/10.3.1/thumb/v7e-m/nofp\libgcc.a(_dvmd_tls.o)
                              d:/work_software/clion_embedded/gnu/10 2021.10/bin/../lib/gcc/arm-none-eabi/10.3.1/thumb/v7e-m/nofp\libgcc.a(_aeabi_uldivmod.o) (__aeabi_ldiv0)
d:/work_software/clion_embedded/gnu/10 2021.10/bin/../lib/gcc/arm-none-eabi/10.3.1/../../../../arm-none-eabi/lib/thumb/v7e-m/nofp\libg.a(lib_a-errno.o)
                              CMakeFiles/recognition_car.elf.dir/Core/Src/syscalls.c.obj (__errno)
d:/work_software/clion_embedded/gnu/10 2021.10/bin/../lib/gcc/arm-none-eabi/10.3.1/../../../../arm-none-eabi/lib/thumb/v7e-m/nofp\libg.a(lib_a-exit.o)
                              d:/work_software/clion_embedded/gnu/10 2021.10/bin/../lib/gcc/arm-none-eabi/10.3.1/../../../../arm-none-eabi/lib/thumb/v7e-m/nofp/crt0.o (exit)
d:/work_software/clion_embedded/gnu/10 2021.10/bin/../lib/gcc/arm-none-eabi/10.3.1/../../../../arm-none-eabi/lib/thumb/v7e-m/nofp\libg.a(lib_a-impure.o)
                              d:/work_software/clion_embedded/gnu/10 2021.10/bin/../lib/gcc/arm-none-eabi/10.3.1/../../../../arm-none-eabi/lib/thumb/v7e-m/nofp\libg.a(lib_a-exit.o) (_global_impure_ptr)
d:/work_software/clion_embedded/gnu/10 2021.10/bin/../lib/gcc/arm-none-eabi/10.3.1/../../../../arm-none-eabi/lib/thumb/v7e-m/nofp\libg.a(lib_a-init.o)
                              d:/work_software/clion_embedded/gnu/10 2021.10/bin/../lib/gcc/arm-none-eabi/10.3.1/../../../../arm-none-eabi/lib/thumb/v7e-m/nofp/crt0.o (__libc_init_array)
[...]
Memory Configuration

Name             Origin             Length             Attributes
RAM              0x20000000         0x00010000         xrw
FLASH            0x08000000         0x00040000         xr
*default*        0x00000000         0xffffffff

Linker script and memory map

LOAD d:/work_software/clion_embedded/gnu/10 2021.10/bin/../lib/gcc/arm-none-eabi/10.3.1/thumb/v7e-m/nofp/crti.o
LOAD d:/work_software/clion_embedded/gnu/10 2021.10/bin/../lib/gcc/arm-none-eabi/10.3.1/thumb/v7e-m/nofp/crtbegin.o
LOAD d:/work_software/clion_embedded/gnu/10 2021.10/bin/../lib/gcc/arm-none-eabi/10.3.1/../../../../arm-none-eabi/lib/thumb/v7e-m/nofp/crt0.o
LOAD CMakeFiles/recognition_car.elf.dir/Core/Src/gpio.c.obj
LOAD CMakeFiles/recognition_car.elf.dir/Core/Src/main.c.obj
LOAD CMakeFiles/recognition_car.elf.dir/Core/Src/stm32f4xx_hal_msp.c.obj
LOAD CMakeFiles/recognition_car.elf.dir/Core/Src/stm32f4xx_it.c.obj
LOAD CMakeFiles/recognition_car.elf.dir/Core/Src/syscalls.c.obj
LOAD CMakeFiles/recognition_car.elf.dir/Core/Src/sysmem.c.obj
LOAD CMakeFiles/recognition_car.elf.dir/Core/Src/system_stm32f4xx.c.obj
LOAD CMakeFiles/recognition_car.elf.dir/Core/Src/task.c.obj
LOAD CMakeFiles/recognition_car.elf.dir/Core/Src/tim.c.obj
LOAD CMakeFiles/recognition_car.elf.dir/Core/Src/usart.c.obj
LOAD CMakeFiles/recognition_car.elf.dir/Core/Startup/startup_stm32f401ccux.s.obj
LOAD CMakeFiles/recognition_car.elf.dir/Drivers/STM32F4xx_HAL_Driver/Src/stm32f4xx_hal.c.obj
LOAD CMakeFiles/recognition_car.elf.dir/Drivers/STM32F4xx_HAL_Driver/Src/stm32f4xx_hal_cortex.c.obj
LOAD CMakeFiles/recognition_car.elf.dir/Drivers/STM32F4xx_HAL_Driver/Src/stm32f4xx_hal_dma.c.obj
LOAD CMakeFiles/recognition_car.elf.dir/Drivers/STM32F4xx_HAL_Driver/Src/stm32f4xx_hal_dma_ex.c.obj
LOAD CMakeFiles/recognition_car.elf.dir/Drivers/STM32F4xx_HAL_Driver/Src/stm32f4xx_hal_exti.c.obj
LOAD CMakeFiles/recognition_car.elf.dir/Drivers/STM32F4xx_HAL_Driver/Src/stm32f4xx_hal_flash.c.obj
LOAD CMakeFiles/recognition_car.elf.dir/Drivers/STM32F4xx_HAL_Driver/Src/stm32f4xx_hal_flash_ex.c.obj
LOAD CMakeFiles/recognition_car.elf.dir/Drivers/STM32F4xx_HAL_Driver/Src/stm32f4xx_hal_flash_ramfunc.c.obj
LOAD CMakeFiles/recognition_car.elf.dir/Drivers/STM32F4xx_HAL_Driver/Src/stm32f4xx_hal_gpio.c.obj
LOAD CMakeFiles/recognition_car.elf.dir/Drivers/STM32F4xx_HAL_Driver/Src/stm32f4xx_hal_pwr.c.obj
LOAD CMakeFiles/recognition_car.elf.dir/Drivers/STM32F4xx_HAL_Driver/Src/stm32f4xx_hal_pwr_ex.c.obj
LOAD CMakeFiles/recognition_car.elf.dir/Drivers/STM32F4xx_HAL_Driver/Src/stm32f4xx_hal_rcc.c.obj
LOAD CMakeFiles/recognition_car.elf.dir/Drivers/STM32F4xx_HAL_Driver/Src/stm32f4xx_hal_rcc_ex.c.obj
LOAD CMakeFiles/recognition_car.elf.dir/Drivers/STM32F4xx_HAL_Driver/Src/stm32f4xx_hal_tim.c.obj
LOAD CMakeFiles/recognition_car.elf.dir/Drivers/STM32F4xx_HAL_Driver/Src/stm32f4xx_hal_tim_ex.c.obj
LOAD CMakeFiles/recognition_car.elf.dir/Drivers/STM32F4xx_HAL_Driver/Src/stm32f4xx_hal_uart.c.obj
LOAD CMakeFiles/recognition_car.elf.dir/HEADWARE/HX711.c.obj
LOAD CMakeFiles/recognition_car.elf.dir/HEADWARE/arithmetic.c.obj
LOAD CMakeFiles/recognition_car.elf.dir/HEADWARE/motor.c.obj
LOAD CMakeFiles/recognition_car.elf.dir/HEADWARE/other.c.obj
LOAD CMakeFiles/recognition_car.elf.dir/HEADWARE/pid.c.obj
START GROUP
LOAD d:/work_software/clion_embedded/gnu/10 2021.10/bin/../lib/gcc/arm-none-eabi/10.3.1/thumb/v7e-m/nofp\libgcc.a
LOAD d:/work_software/clion_embedded/gnu/10 2021.10/bin/../lib/gcc/arm-none-eabi/10.3.1/../../../../arm-none-eabi/lib/thumb/v7e-m/nofp\libg.a
LOAD d:/work_software/clion_embedded/gnu/10 2021.10/bin/../lib/gcc/arm-none-eabi/10.3.1/../../../../arm-none-eabi/lib/thumb/v7e-m/nofp\libc.a
END GROUP
LOAD d:/work_software/clion_embedded/gnu/10 2021.10/bin/../lib/gcc/arm-none-eabi/10.3.1/thumb/v7e-m/nofp/crtend.o
LOAD d:/work_software/clion_embedded/gnu/10 2021.10/bin/../lib/gcc/arm-none-eabi/10.3.1/thumb/v7e-m/nofp/crtn.o
                0x20010000                _estack = (ORIGIN (RAM) + LENGTH (RAM))
                0x00000200                _Min_Heap_Size = 0x200
                0x00000400                _Min_Stack_Size = 0x400

.isr_vector     0x08000000      0x194
                0x08000000                . = ALIGN (0x4)
 *(.isr_vector)
 .isr_vector    0x08000000      0x194 CMakeFiles/recognition_car.elf.dir/Core/Startup/startup_stm32f401ccux.s.obj
                0x08000000                g_pfnVectors
                0x08000194                . = ALIGN (0x4)

.text           0x080001c0     0xbfa8
                0x080001c0                . = ALIGN (0x4)
 *(.text)
 .text          0x080001c0       0x40 d:/work_software/clion_embedded/gnu/10 2021.10/bin/../lib/gcc/arm-none-eabi/10.3.1/thumb/v7e-m/nofp/crtbegin.o
 .text          0x08000200      0x378 d:/work_software/clion_embedded/gnu/10 2021.10/bin/../lib/gcc/arm-none-eabi/10.3.1/thumb/v7e-m/nofp\libgcc.a(_arm_addsubdf3.o)
                0x08000200                __aeabi_drsub
                0x08000208                __aeabi_dsub
                0x08000208                __subdf3
                0x0800020c                __aeabi_dadd
                0x0800020c                __adddf3
                0x08000484                __floatunsidf
                0x08000484                __aeabi_ui2d
                0x080004a4                __floatsidf
                0x080004a4                __aeabi_i2d
                0x080004c8                __aeabi_f2d
                0x080004c8                __extendsfdf2
                0x0800050c                __floatundidf
                0x0800050c                __aeabi_ul2d
                0x0800051c                __floatdidf
                0x0800051c                __aeabi_l2d
 .text          0x08000578      0x110 d:/work_software/clion_embedded/gnu/10 2021.10/bin/../lib/gcc/arm-none-eabi/10.3.1/thumb/v7e-m/nofp\libgcc.a(_arm_cmpdf2.o)
                0x08000578                __gtdf2
                0x08000578                __gedf2
                0x08000580                __ltdf2
                0x08000580                __ledf2
                0x08000588                __nedf2
                0x08000588                __eqdf2
                0x08000588                __cmpdf2
                0x08000604                __aeabi_cdrcmple
                0x08000614                __aeabi_cdcmpeq
                0x08000614                __aeabi_cdcmple
                0x08000624                __aeabi_dcmpeq
                0x08000638                __aeabi_dcmplt
                0x0800064c                __aeabi_dcmple
                0x08000660                __aeabi_dcmpge
                0x08000674                __aeabi_dcmpgt
 .text          0x08000688       0x50 d:/work_software/clion_embedded/gnu/10 2021.10/bin/../lib/gcc/arm-none-eabi/10.3.1/thumb/v7e-m/nofp\libgcc.a(_arm_fixdfsi.o)
                0x08000688                __aeabi_d2iz
                0x08000688                __fixdfsi
 .text          0x080006d8       0x40 d:/work_software/clion_embedded/gnu/10 2021.10/bin/../lib/gcc/arm-none-eabi/10.3.1/thumb/v7e-m/nofp\libgcc.a(_arm_fixunsdfsi.o)
                0x080006d8                __aeabi_d2uiz
                0x080006d8                __fixunsdfsi
 .text          0x08000718       0xa0 d:/work_software/clion_embedded/gnu/10 2021.10/bin/../lib/gcc/arm-none-eabi/10.3.1/thumb/v7e-m/nofp\libgcc.a(_arm_truncdfsf2.o)
                0x08000718                __truncdfsf2
                0x08000718                __aeabi_d2f
 .text          0x080007b8      0x21c d:/work_software/clion_embedded/gnu/10 2021.10/bin/../lib/gcc/arm-none-eabi/10.3.1/thumb/v7e-m/nofp\libgcc.a(_arm_addsubsf3.o)
                0x080007b8                __aeabi_frsub
                0x080007c0                __subsf3
                0x080007c0                __aeabi_fsub
                0x080007c4                __aeabi_fadd
                0x080007c4                __addsf3
                0x08000924                __aeabi_ui2f
                0x08000924                __floatunsisf
                0x0800092c                __aeabi_i2f
                0x0800092c                __floatsisf
                0x08000948                __aeabi_ul2f
                0x08000948                __floatundisf
                0x08000958                __aeabi_l2f
                0x08000958                __floatdisf
 .text          0x080009d4      0x2a0 d:/work_software/clion_embedded/gnu/10 2021.10/bin/../lib/gcc/arm-none-eabi/10.3.1/thumb/v7e-m/nofp\libgcc.a(_arm_muldivsf3.o)
                0x080009d4                __mulsf3
                0x080009d4                __aeabi_fmul
                0x08000b3c                __aeabi_fdiv
                0x08000b3c                __divsf3
 .text          0x08000c74       0xec d:/work_software/clion_embedded/gnu/10 2021.10/bin/../lib/gcc/arm-none-eabi/10.3.1/thumb/v7e-m/nofp\libgcc.a(_arm_cmpsf2.o)
                0x08000c74                __gesf2
                0x08000c74                __gtsf2
                0x08000c7c                __lesf2
                0x08000c7c                __ltsf2
                0x08000c84                __nesf2
                0x08000c84                __eqsf2
                0x08000c84                __cmpsf2
                0x08000ce4                __aeabi_cfrcmple
                0x08000cec                __aeabi_cfcmpeq
                0x08000cec                __aeabi_cfcmple
                0x08000cfc                __aeabi_fcmpeq
                0x08000d10                __aeabi_fcmplt
                0x08000d24                __aeabi_fcmple
                0x08000d38                __aeabi_fcmpge
                0x08000d4c                __aeabi_fcmpgt
 .text          0x08000d60       0x4c d:/work_software/clion_embedded/gnu/10 2021.10/bin/../lib/gcc/arm-none-eabi/10.3.1/thumb/v7e-m/nofp\libgcc.a(_arm_fixsfsi.o)
                0x08000d60                __aeabi_f2iz
                0x08000d60                __fixsfsi
 .text          0x08000dac       0x40 d:/work_software/clion_embedded/gnu/10 2021.10/bin/../lib/gcc/arm-none-eabi/10.3.1/thumb/v7e-m/nofp\libgcc.a(_arm_fixunssfsi.o)
                0x08000dac                __fixunssfsi
                0x08000dac                __aeabi_f2uiz
 .text          0x08000dec       0x30 d:/work_software/clion_embedded/gnu/10 2021.10/bin/../lib/gcc/arm-none-eabi/10.3.1/thumb/v7e-m/nofp\libgcc.a(_aeabi_uldivmod.o)
                0x08000dec                __aeabi_uldivmod
 .text          0x08000e1c      0x2d0 d:/work_software/clion_embedded/gnu/10 2021.10/bin/../lib/gcc/arm-none-eabi/10.3.1/thumb/v7e-m/nofp\libgcc.a(_udivmoddi4.o)
                0x08000e1c                __udivmoddi4
 .text          0x080010ec        0x4 d:/work_software/clion_embedded/gnu/10 2021.10/bin/../lib/gcc/arm-none-eabi/10.3.1/thumb/v7e-m/nofp\libgcc.a(_dvmd_tls.o)
                0x080010ec                __aeabi_idiv0
                0x080010ec                __aeabi_ldiv0
 .text          0x080010f0       0xa0 d:/work_software/clion_embedded/gnu/10 2021.10/bin/../lib/gcc/arm-none-eabi/10.3.1/../../../../arm-none-eabi/lib/thumb/v7e-m/nofp\libg.a(lib_a-memchr.o)
                0x080010f0                memchr
 .text          0x08001190      0x134 d:/work_software/clion_embedded/gnu/10 2021.10/bin/../lib/gcc/arm-none-eabi/10.3.1/../../../../arm-none-eabi/lib/thumb/v7e-m/nofp\libg.a(lib_a-memcpy.o)
                0x08001190                memcpy
 *fill*         0x080012c4       0x3c 
 .text          0x08001300       0xdc d:/work_software/clion_embedded/gnu/10 2021.10/bin/../lib/gcc/arm-none-eabi/10.3.1/../../../../arm-none-eabi/lib/thumb/v7e-m/nofp\libg.a(lib_a-strlen.o)
                0x08001300                strlen
 .text          0x080013dc      0x424 d:/work_software/clion_embedded/gnu/10 2021.10/bin/../lib/gcc/arm-none-eabi/10.3.1/thumb/v7e-m/nofp\libgcc.a(_arm_muldivdf3.o)
                0x080013dc                __aeabi_dmul
                0x080013dc                __muldf3
                0x08001630                __divdf3
                0x08001630                __aeabi_ddiv
 .text          0x08001800       0x2c d:/work_software/clion_embedded/gnu/10 2021.10/bin/../lib/gcc/arm-none-eabi/10.3.1/thumb/v7e-m/nofp\libgcc.a(_arm_unorddf2.o)
                0x08001800                __unorddf2
                0x08001800                __aeabi_dcmpun
 *(.text*)
 .text.MX_GPIO_Init
                0x0800182c      0x120 CMakeFiles/recognition_car.elf.dir/Core/Src/gpio.c.obj
                0x0800182c                MX_GPIO_Init
 .text.UART_printf
                0x0800194c       0x34 CMakeFiles/recognition_car.elf.dir/Core/Src/main.c.obj
                0x0800194c                UART_printf
 .text.HAL_TIM_PeriodElapsedCallback
                0x08001980      0x114 CMakeFiles/recognition_car.elf.dir/Core/Src/main.c.obj
                0x08001980                HAL_TIM_PeriodElapsedCallback
 .text.Receive1_treatment
                0x08001a94       0x44 CMakeFiles/recognition_car.elf.dir/Core/Src/main.c.obj
                0x08001a94                Receive1_treatment
 .text.Receive2_treatment
                0x08001ad8       0x54 CMakeFiles/recognition_car.elf.dir/Core/Src/main.c.obj
                0x08001ad8                Receive2_treatment
 .text.Receive6_treatment
                0x08001b2c       0x2c CMakeFiles/recognition_car.elf.dir/Core/Src/main.c.obj
                0x08001b2c                Receive6_treatment
 .text.HAL_UART_RxCpltCallback
                0x08001b58      0x10c CMakeFiles/recognition_car.elf.dir/Core/Src/main.c.obj
                0x08001b58                HAL_UART_RxCpltCallback
 .text.Error_Handler
                0x08001c64        0x4 CMakeFiles/recognition_car.elf.dir/Core/Src/main.c.obj
                0x08001c64                Error_Handler
 .text.SystemClock_Config
                0x08001c68       0xa8 CMakeFiles/recognition_car.elf.dir/Core/Src/main.c.obj
                0x08001c68                SystemClock_Config
 .text.main     0x08001d10      0x110 CMakeFiles/recognition_car.elf.dir/Core/Src/main.c.obj
                0x08001d10                main
 .text.HAL_MspInit
                0x08001e20       0x38 CMakeFiles/recognition_car.elf.dir/Core/Src/stm32f4xx_hal_msp.c.obj
                0x08001e20                HAL_MspInit
 .text.NMI_Handler
                0x08001e58        0x2 CMakeFiles/recognition_car.elf.dir/Core/Src/stm32f4xx_it.c.obj
                0x08001e58                NMI_Handler
 .text.HardFault_Handler
                0x08001e5a        0x2 CMakeFiles/recognition_car.elf.dir/Core/Src/stm32f4xx_it.c.obj
                0x08001e5a                HardFault_Handler
 .text.MemManage_Handler
                0x08001e5c        0x2 CMakeFiles/recognition_car.elf.dir/Core/Src/stm32f4xx_it.c.obj
                0x08001e5c                MemManage_Handler
 .text.BusFault_Handler
                0x08001e5e        0x2 CMakeFiles/recognition_car.elf.dir/Core/Src/stm32f4xx_it.c.obj
                0x08001e5e                BusFault_Handler
 .text.UsageFault_Handler
                0x08001e60        0x2 CMakeFiles/recognition_car.elf.dir/Core/Src/stm32f4xx_it.c.obj
                0x08001e60                UsageFault_Handler
 .text.SVC_Handler
                0x08001e62        0x2 CMakeFiles/recognition_car.elf.dir/Core/Src/stm32f4xx_it.c.obj
                0x08001e62                SVC_Handler
 .text.DebugMon_Handler
                0x08001e64        0x2 CMakeFiles/recognition_car.elf.dir/Core/Src/stm32f4xx_it.c.obj
                0x08001e64                DebugMon_Handler
 .text.PendSV_Handler
                0x08001e66        0x2 CMakeFiles/recognition_car.elf.dir/Core/Src/stm32f4xx_it.c.obj
                0x08001e66                PendSV_Handler
 .text.SysTick_Handler
                0x08001e68        0x8 CMakeFiles/recognition_car.elf.dir/Core/Src/stm32f4xx_it.c.obj
                0x08001e68                SysTick_Handler
 .text.TIM1_UP_TIM10_IRQHandler
                0x08001e70       0x10 CMakeFiles/recognition_car.elf.dir/Core/Src/stm32f4xx_it.c.obj
                0x08001e70                TIM1_UP_TIM10_IRQHandler
 .text.TIM2_IRQHandler
                0x08001e80       0x10 CMakeFiles/recognition_car.elf.dir/Core/Src/stm32f4xx_it.c.obj
                0x08001e80                TIM2_IRQHandler
 .text.USART1_IRQHandler
                0x08001e90       0x10 CMakeFiles/recognition_car.elf.dir/Core/Src/stm32f4xx_it.c.obj
                0x08001e90                USART1_IRQHandler
 .text.USART2_IRQHandler
                0x08001ea0       0x10 CMakeFiles/recognition_car.elf.dir/Core/Src/stm32f4xx_it.c.obj
                0x08001ea0                USART2_IRQHandler
 .text.USART6_IRQHandler
                0x08001eb0       0x10 CMakeFiles/recognition_car.elf.dir/Core/Src/stm32f4xx_it.c.obj
                0x08001eb0                USART6_IRQHandler
 .text._getpid  0x08001ec0        0x4 CMakeFiles/recognition_car.elf.dir/Core/Src/syscalls.c.obj
                0x08001ec0                _getpid
 .text._kill    0x08001ec4       0x10 CMakeFiles/recognition_car.elf.dir/Core/Src/syscalls.c.obj
                0x08001ec4                _kill
 .text._exit    0x08001ed4        0xc CMakeFiles/recognition_car.elf.dir/Core/Src/syscalls.c.obj
                0x08001ed4                _exit
 .text._read    0x08001ee0       0x20 CMakeFiles/recognition_car.elf.dir/Core/Src/syscalls.c.obj
                0x08001ee0                _read
 .text._write   0x08001f00       0x1c CMakeFiles/recognition_car.elf.dir/Core/Src/syscalls.c.obj
                0x08001f00                _write
 .text._close   0x08001f1c        0x6 CMakeFiles/recognition_car.elf.dir/Core/Src/syscalls.c.obj
                0x08001f1c                _close
 .text._fstat   0x08001f22        0xa CMakeFiles/recognition_car.elf.dir/Core/Src/syscalls.c.obj
                0x08001f22                _fstat
 .text._isatty  0x08001f2c        0x4 CMakeFiles/recognition_car.elf.dir/Core/Src/syscalls.c.obj
                0x08001f2c                _isatty
 .text._lseek   0x08001f30        0x4 CMakeFiles/recognition_car.elf.dir/Core/Src/syscalls.c.obj
                0x08001f30                _lseek
 .text._sbrk    0x08001f34       0x48 CMakeFiles/recognition_car.elf.dir/Core/Src/sysmem.c.obj
                0x08001f34                _sbrk
 .text.SystemInit
                0x08001f7c        0x2 CMakeFiles/recognition_car.elf.dir/Core/Src/system_stm32f4xx.c.obj
                0x08001f7c                SystemInit
 *fill*         0x08001f7e        0x2 
 .text.Task_1   0x08001f80      0x114 CMakeFiles/recognition_car.elf.dir/Core/Src/task.c.obj
                0x08001f80                Task_1
 .text.Task_2   0x08002094      0x138 CMakeFiles/recognition_car.elf.dir/Core/Src/task.c.obj
                0x08002094                Task_2
 .text.Task_3   0x080021cc      0x194 CMakeFiles/recognition_car.elf.dir/Core/Src/task.c.obj
                0x080021cc                Task_3
 .text.Task_4   0x08002360      0x240 CMakeFiles/recognition_car.elf.dir/Core/Src/task.c.obj
                0x08002360                Task_4
 .text.Task_5   0x080025a0      0x3c4 CMakeFiles/recognition_car.elf.dir/Core/Src/task.c.obj
                0x080025a0                Task_5
 .text.MX_TIM2_Init
                0x08002964       0x6c CMakeFiles/recognition_car.elf.dir/Core/Src/tim.c.obj
                0x08002964                MX_TIM2_Init
 .text.MX_TIM4_Init
                0x080029d0       0x64 CMakeFiles/recognition_car.elf.dir/Core/Src/tim.c.obj
                0x080029d0                MX_TIM4_Init
 .text.MX_TIM5_Init
                0x08002a34       0x64 CMakeFiles/recognition_car.elf.dir/Core/Src/tim.c.obj
                0x08002a34                MX_TIM5_Init
 .text.MX_TIM10_Init
                0x08002a98       0x34 CMakeFiles/recognition_car.elf.dir/Core/Src/tim.c.obj
                0x08002a98                MX_TIM10_Init
 .text.HAL_TIM_Base_MspInit
                0x08002acc       0x98 CMakeFiles/recognition_car.elf.dir/Core/Src/tim.c.obj
                0x08002acc                HAL_TIM_Base_MspInit
 .text.HAL_TIM_Encoder_MspInit
                0x08002b64       0xb8 CMakeFiles/recognition_car.elf.dir/Core/Src/tim.c.obj
                0x08002b64                HAL_TIM_Encoder_MspInit
 .text.HAL_TIM_MspPostInit
                0x08002c1c       0x58 CMakeFiles/recognition_car.elf.dir/Core/Src/tim.c.obj
                0x08002c1c                HAL_TIM_MspPostInit
 .text.MX_TIM3_Init
                0x08002c74       0xc0 CMakeFiles/recognition_car.elf.dir/Core/Src/tim.c.obj
                0x08002c74                MX_TIM3_Init
 .text.MX_USART1_UART_Init
                0x08002d34       0x34 CMakeFiles/recognition_car.elf.dir/Core/Src/usart.c.obj
                0x08002d34                MX_USART1_UART_Init
 .text.MX_USART2_UART_Init
                0x08002d68       0x34 CMakeFiles/recognition_car.elf.dir/Core/Src/usart.c.obj
                0x08002d68                MX_USART2_UART_Init
 .text.MX_USART6_UART_Init
                0x08002d9c       0x34 CMakeFiles/recognition_car.elf.dir/Core/Src/usart.c.obj
                0x08002d9c                MX_USART6_UART_Init
 .text.HAL_UART_MspInit
                0x08002dd0      0x144 CMakeFiles/recognition_car.elf.dir/Core/Src/usart.c.obj
                0x08002dd0                HAL_UART_MspInit
 .text.Reset_Handler
                0x08002f14       0x50 CMakeFiles/recognition_car.elf.dir/Core/Startup/startup_stm32f401ccux.s.obj
                0x08002f14                Reset_Handler
 .text.Default_Handler
                0x08002f64        0x2 CMakeFiles/recognition_car.elf.dir/Core/Startup/startup_stm32f401ccux.s.obj
                0x08002f64                RTC_Alarm_IRQHandler
                0x08002f64                EXTI2_IRQHandler
                0x08002f64                SPI4_IRQHandler
                0x08002f64                TIM1_CC_IRQHandler
                0x08002f64                DMA2_Stream5_IRQHandler
                0x08002f64                DMA1_Stream5_IRQHandler
                0x08002f64                PVD_IRQHandler
                0x08002f64                SDIO_IRQHandler
                0x08002f64                TAMP_STAMP_IRQHandler
                0x08002f64                EXTI3_IRQHandler
                0x08002f64                I2C3_ER_IRQHandler
                0x08002f64                EXTI0_IRQHandler
                0x08002f64                I2C2_EV_IRQHandler
                0x08002f64                DMA1_Stream2_IRQHandler
                0x08002f64                FPU_IRQHandler
                0x08002f64                DMA2_Stream2_IRQHandler
                0x08002f64                SPI1_IRQHandler
                0x08002f64                TIM1_BRK_TIM9_IRQHandler
                0x08002f64                DMA2_Stream3_IRQHandler
                0x08002f64                DMA2_Stream0_IRQHandler
                0x08002f64                TIM4_IRQHandler
                0x08002f64                I2C1_EV_IRQHandler
                0x08002f64                DMA1_Stream6_IRQHandler
                0x08002f64                DMA1_Stream1_IRQHandler
                0x08002f64                TIM3_IRQHandler
                0x08002f64                RCC_IRQHandler
                0x08002f64                Default_Handler
                0x08002f64                EXTI15_10_IRQHandler
                0x08002f64                ADC_IRQHandler
                0x08002f64                DMA1_Stream7_IRQHandler
                0x08002f64                TIM5_IRQHandler
                0x08002f64                DMA2_Stream7_IRQHandler
                0x08002f64                I2C3_EV_IRQHandler
                0x08002f64                EXTI9_5_IRQHandler
                0x08002f64                RTC_WKUP_IRQHandler
                0x08002f64                SPI2_IRQHandler
                0x08002f64                DMA1_Stream0_IRQHandler
                0x08002f64                EXTI4_IRQHandler
                0x08002f64                WWDG_IRQHandler
                0x08002f64                OTG_FS_WKUP_IRQHandler
                0x08002f64                TIM1_TRG_COM_TIM11_IRQHandler
                0x08002f64                EXTI1_IRQHandler
                0x08002f64                I2C2_ER_IRQHandler
                0x08002f64                DMA2_Stream1_IRQHandler
                0x08002f64                FLASH_IRQHandler
                0x08002f64                DMA2_Stream4_IRQHandler
                0x08002f64                OTG_FS_IRQHandler
                0x08002f64                SPI3_IRQHandler
                0x08002f64                DMA1_Stream4_IRQHandler
                0x08002f64                I2C1_ER_IRQHandler
                0x08002f64                DMA2_Stream6_IRQHandler
                0x08002f64                DMA1_Stream3_IRQHandler
 *fill*         0x08002f66        0x2 
 .text.HAL_InitTick
                0x08002f68       0x4c CMakeFiles/recognition_car.elf.dir/Drivers/STM32F4xx_HAL_Driver/Src/stm32f4xx_hal.c.obj
                0x08002f68                HAL_InitTick
 .text.HAL_Init
                0x08002fb4       0x34 CMakeFiles/recognition_car.elf.dir/Drivers/STM32F4xx_HAL_Driver/Src/stm32f4xx_hal.c.obj
                0x08002fb4                HAL_Init
 .text.HAL_IncTick
                0x08002fe8       0x18 CMakeFiles/recognition_car.elf.dir/Drivers/STM32F4xx_HAL_Driver/Src/stm32f4xx_hal.c.obj
                0x08002fe8                HAL_IncTick
 .text.HAL_GetTick
                0x08003000        0xc CMakeFiles/recognition_car.elf.dir/Drivers/STM32F4xx_HAL_Driver/Src/stm32f4xx_hal.c.obj
                0x08003000                HAL_GetTick
 .text.HAL_NVIC_SetPriorityGrouping
                0x0800300c       0x24 CMakeFiles/recognition_car.elf.dir/Drivers/STM32F4xx_HAL_Driver/Src/stm32f4xx_hal_cortex.c.obj
                0x0800300c                HAL_NVIC_SetPriorityGrouping
 .text.HAL_NVIC_SetPriority
                0x08003030       0x70 CMakeFiles/recognition_car.elf.dir/Drivers/STM32F4xx_HAL_Driver/Src/stm32f4xx_hal_cortex.c.obj
                0x08003030                HAL_NVIC_SetPriority
 .text.HAL_NVIC_EnableIRQ
                0x080030a0       0x1c CMakeFiles/recognition_car.elf.dir/Drivers/STM32F4xx_HAL_Driver/Src/stm32f4xx_hal_cortex.c.obj
                0x080030a0                HAL_NVIC_EnableIRQ
 .text.HAL_SYSTICK_Config
                0x080030bc       0x28 CMakeFiles/recognition_car.elf.dir/Drivers/STM32F4xx_HAL_Driver/Src/stm32f4xx_hal_cortex.c.obj
                0x080030bc                HAL_SYSTICK_Config
 .text.HAL_DMA_Abort
                0x080030e4       0x94 CMakeFiles/recognition_car.elf.dir/Drivers/STM32F4xx_HAL_Driver/Src/stm32f4xx_hal_dma.c.obj
                0x080030e4                HAL_DMA_Abort
 .text.HAL_DMA_Abort_IT
                0x08003178       0x26 CMakeFiles/recognition_car.elf.dir/Drivers/STM32F4xx_HAL_Driver/Src/stm32f4xx_hal_dma.c.obj
                0x08003178                HAL_DMA_Abort_IT
 *fill*         0x0800319e        0x2 
 .text.HAL_GPIO_Init
                0x080031a0      0x1c0 CMakeFiles/recognition_car.elf.dir/Drivers/STM32F4xx_HAL_Driver/Src/stm32f4xx_hal_gpio.c.obj
                0x080031a0                HAL_GPIO_Init
 .text.HAL_GPIO_ReadPin
                0x08003360        0xe CMakeFiles/recognition_car.elf.dir/Drivers/STM32F4xx_HAL_Driver/Src/stm32f4xx_hal_gpio.c.obj
                0x08003360                HAL_GPIO_ReadPin
 .text.HAL_GPIO_WritePin
                0x0800336e        0xc CMakeFiles/recognition_car.elf.dir/Drivers/STM32F4xx_HAL_Driver/Src/stm32f4xx_hal_gpio.c.obj
                0x0800336e                HAL_GPIO_WritePin
 *fill*         0x0800337a        0x2 
 .text.HAL_RCC_OscConfig
                0x0800337c      0x3f8 CMakeFiles/recognition_car.elf.dir/Drivers/STM32F4xx_HAL_Driver/Src/stm32f4xx_hal_rcc.c.obj
                0x0800337c                HAL_RCC_OscConfig
 .text.HAL_RCC_GetSysClockFreq
                0x08003774       0xa4 CMakeFiles/recognition_car.elf.dir/Drivers/STM32F4xx_HAL_Driver/Src/stm32f4xx_hal_rcc.c.obj
                0x08003774                HAL_RCC_GetSysClockFreq
 .text.HAL_RCC_ClockConfig
                0x08003818      0x160 CMakeFiles/recognition_car.elf.dir/Drivers/STM32F4xx_HAL_Driver/Src/stm32f4xx_hal_rcc.c.obj
                0x08003818                HAL_RCC_ClockConfig
 .text.HAL_RCC_GetHCLKFreq
                0x08003978        0xc CMakeFiles/recognition_car.elf.dir/Drivers/STM32F4xx_HAL_Driver/Src/stm32f4xx_hal_rcc.c.obj
                0x08003978                HAL_RCC_GetHCLKFreq
 .text.HAL_RCC_GetPCLK1Freq
                0x08003984       0x20 CMakeFiles/recognition_car.elf.dir/Drivers/STM32F4xx_HAL_Driver/Src/stm32f4xx_hal_rcc.c.obj
                0x08003984                HAL_RCC_GetPCLK1Freq
 .text.HAL_RCC_GetPCLK2Freq
                0x080039a4       0x20 CMakeFiles/recognition_car.elf.dir/Drivers/STM32F4xx_HAL_Driver/Src/stm32f4xx_hal_rcc.c.obj
                0x080039a4                HAL_RCC_GetPCLK2Freq
 .text.TIM_OC1_SetConfig
                0x080039c4       0x5c CMakeFiles/recognition_car.elf.dir/Drivers/STM32F4xx_HAL_Driver/Src/stm32f4xx_hal_tim.c.obj
 .text.TIM_OC3_SetConfig
                0x08003a20       0x64 CMakeFiles/recognition_car.elf.dir/Drivers/STM32F4xx_HAL_Driver/Src/stm32f4xx_hal_tim.c.obj
 .text.TIM_OC4_SetConfig
                0x08003a84       0x48 CMakeFiles/recognition_car.elf.dir/Drivers/STM32F4xx_HAL_Driver/Src/stm32f4xx_hal_tim.c.obj
 .text.TIM_TI1_ConfigInputStage
                0x08003acc       0x24 CMakeFiles/recognition_car.elf.dir/Drivers/STM32F4xx_HAL_Driver/Src/stm32f4xx_hal_tim.c.obj
 .text.TIM_TI2_ConfigInputStage
                0x08003af0       0x26 CMakeFiles/recognition_car.elf.dir/Drivers/STM32F4xx_HAL_Driver/Src/stm32f4xx_hal_tim.c.obj
 .text.TIM_ITRx_SetConfig
                0x08003b16       0x10 CMakeFiles/recognition_car.elf.dir/Drivers/STM32F4xx_HAL_Driver/Src/stm32f4xx_hal_tim.c.obj
 *fill*         0x08003b26        0x2 
 .text.HAL_TIM_Base_Start_IT
                0x08003b28       0x78 CMakeFiles/recognition_car.elf.dir/Drivers/STM32F4xx_HAL_Driver/Src/stm32f4xx_hal_tim.c.obj
                0x08003b28                HAL_TIM_Base_Start_IT
 .text.HAL_TIM_PWM_MspInit
                0x08003ba0        0x2 CMakeFiles/recognition_car.elf.dir/Drivers/STM32F4xx_HAL_Driver/Src/stm32f4xx_hal_tim.c.obj
                0x08003ba0                HAL_TIM_PWM_MspInit
 .text.HAL_TIM_OC_DelayElapsedCallback
                0x08003ba2        0x2 CMakeFiles/recognition_car.elf.dir/Drivers/STM32F4xx_HAL_Driver/Src/stm32f4xx_hal_tim.c.obj
                0x08003ba2                HAL_TIM_OC_DelayElapsedCallback
 .text.HAL_TIM_IC_CaptureCallback
                0x08003ba4        0x2 CMakeFiles/recognition_car.elf.dir/Drivers/STM32F4xx_HAL_Driver/Src/stm32f4xx_hal_tim.c.obj
                0x08003ba4                HAL_TIM_IC_CaptureCallback
 .text.HAL_TIM_PWM_PulseFinishedCallback
                0x08003ba6        0x2 CMakeFiles/recognition_car.elf.dir/Drivers/STM32F4xx_HAL_Driver/Src/stm32f4xx_hal_tim.c.obj
                0x08003ba6                HAL_TIM_PWM_PulseFinishedCallback
 .text.HAL_TIM_TriggerCallback
                0x08003ba8        0x2 CMakeFiles/recognition_car.elf.dir/Drivers/STM32F4xx_HAL_Driver/Src/stm32f4xx_hal_tim.c.obj
                0x08003ba8                HAL_TIM_TriggerCallback
 .text.HAL_TIM_IRQHandler
                0x08003baa      0x17a CMakeFiles/recognition_car.elf.dir/Drivers/STM32F4xx_HAL_Driver/Src/stm32f4xx_hal_tim.c.obj
                0x08003baa                HAL_TIM_IRQHandler
 .text.TIM_Base_SetConfig
                0x08003d24       0x9c CMakeFiles/recognition_car.elf.dir/Drivers/STM32F4xx_HAL_Driver/Src/stm32f4xx_hal_tim.c.obj
                0x08003d24                TIM_Base_SetConfig
 .text.HAL_TIM_Base_Init
                0x08003dc0       0x58 CMakeFiles/recognition_car.elf.dir/Drivers/STM32F4xx_HAL_Driver/Src/stm32f4xx_hal_tim.c.obj
                0x08003dc0                HAL_TIM_Base_Init
 .text.HAL_TIM_PWM_Init
                0x08003e18       0x58 CMakeFiles/recognition_car.elf.dir/Drivers/STM32F4xx_HAL_Driver/Src/stm32f4xx_hal_tim.c.obj
                0x08003e18                HAL_TIM_PWM_Init
 .text.HAL_TIM_Encoder_Init
                0x08003e70       0xb8 CMakeFiles/recognition_car.elf.dir/Drivers/STM32F4xx_HAL_Driver/Src/stm32f4xx_hal_tim.c.obj
                0x08003e70                HAL_TIM_Encoder_Init
 .text.TIM_OC2_SetConfig
                0x08003f28       0x64 CMakeFiles/recognition_car.elf.dir/Drivers/STM32F4xx_HAL_Driver/Src/stm32f4xx_hal_tim.c.obj
                0x08003f28                TIM_OC2_SetConfig
 .text.HAL_TIM_PWM_ConfigChannel
                0x08003f8c       0xdc CMakeFiles/recognition_car.elf.dir/Drivers/STM32F4xx_HAL_Driver/Src/stm32f4xx_hal_tim.c.obj
                0x08003f8c                HAL_TIM_PWM_ConfigChannel
 .text.TIM_ETR_SetConfig
                0x08004068       0x18 CMakeFiles/recognition_car.elf.dir/Drivers/STM32F4xx_HAL_Driver/Src/stm32f4xx_hal_tim.c.obj
                0x08004068                TIM_ETR_SetConfig
 .text.HAL_TIM_ConfigClockSource
                0x08004080       0xfe CMakeFiles/recognition_car.elf.dir/Drivers/STM32F4xx_HAL_Driver/Src/stm32f4xx_hal_tim.c.obj
                0x08004080                HAL_TIM_ConfigClockSource
 .text.TIM_CCxChannelCmd
                0x0800417e       0x1e CMakeFiles/recognition_car.elf.dir/Drivers/STM32F4xx_HAL_Driver/Src/stm32f4xx_hal_tim.c.obj
                0x0800417e                TIM_CCxChannelCmd
 .text.HAL_TIM_PWM_Start
                0x0800419c       0xf0 CMakeFiles/recognition_car.elf.dir/Drivers/STM32F4xx_HAL_Driver/Src/stm32f4xx_hal_tim.c.obj
                0x0800419c                HAL_TIM_PWM_Start
 .text.HAL_TIM_Encoder_Start
                0x0800428c       0xcc CMakeFiles/recognition_car.elf.dir/Drivers/STM32F4xx_HAL_Driver/Src/stm32f4xx_hal_tim.c.obj
                0x0800428c                HAL_TIM_Encoder_Start
 .text.HAL_TIMEx_MasterConfigSynchronization
                0x08004358       0x7c CMakeFiles/recognition_car.elf.dir/Drivers/STM32F4xx_HAL_Driver/Src/stm32f4xx_hal_tim_ex.c.obj
                0x08004358                HAL_TIMEx_MasterConfigSynchronization
 .text.HAL_TIMEx_CommutCallback
                0x080043d4        0x2 CMakeFiles/recognition_car.elf.dir/Drivers/STM32F4xx_HAL_Driver/Src/stm32f4xx_hal_tim_ex.c.obj
                0x080043d4                HAL_TIMEx_CommutCallback
 .text.HAL_TIMEx_BreakCallback
                0x080043d6        0x2 CMakeFiles/recognition_car.elf.dir/Drivers/STM32F4xx_HAL_Driver/Src/stm32f4xx_hal_tim_ex.c.obj
                0x080043d6                HAL_TIMEx_BreakCallback
 .text.UART_EndRxTransfer
                0x080043d8       0x5c CMakeFiles/recognition_car.elf.dir/Drivers/STM32F4xx_HAL_Driver/Src/stm32f4xx_hal_uart.c.obj
 .text.UART_Transmit_IT
                0x08004434       0x60 CMakeFiles/recognition_car.elf.dir/Drivers/STM32F4xx_HAL_Driver/Src/stm32f4xx_hal_uart.c.obj
 .text.UART_SetConfig
                0x08004494      0x110 CMakeFiles/recognition_car.elf.dir/Drivers/STM32F4xx_HAL_Driver/Src/stm32f4xx_hal_uart.c.obj
 .text.UART_WaitOnFlagUntilTimeout
                0x080045a4       0x88 CMakeFiles/recognition_car.elf.dir/Drivers/STM32F4xx_HAL_Driver/Src/stm32f4xx_hal_uart.c.obj
 .text.HAL_UART_Init
                0x0800462c       0x5e CMakeFiles/recognition_car.elf.dir/Drivers/STM32F4xx_HAL_Driver/Src/stm32f4xx_hal_uart.c.obj
                0x0800462c                HAL_UART_Init
 .text.HAL_UART_Transmit
                0x0800468a       0xd8 CMakeFiles/recognition_car.elf.dir/Drivers/STM32F4xx_HAL_Driver/Src/stm32f4xx_hal_uart.c.obj
                0x0800468a                HAL_UART_Transmit
 .text.HAL_UART_TxCpltCallback
                0x08004762        0x2 CMakeFiles/recognition_car.elf.dir/Drivers/STM32F4xx_HAL_Driver/Src/stm32f4xx_hal_uart.c.obj
                0x08004762                HAL_UART_TxCpltCallback
 .text.UART_EndTransmit_IT
                0x08004764       0x1a CMakeFiles/recognition_car.elf.dir/Drivers/STM32F4xx_HAL_Driver/Src/stm32f4xx_hal_uart.c.obj
 .text.HAL_UART_ErrorCallback
                0x0800477e        0x2 CMakeFiles/recognition_car.elf.dir/Drivers/STM32F4xx_HAL_Driver/Src/stm32f4xx_hal_uart.c.obj
                0x0800477e                HAL_UART_ErrorCallback
 .text.UART_DMAAbortOnError
                0x08004780       0x10 CMakeFiles/recognition_car.elf.dir/Drivers/STM32F4xx_HAL_Driver/Src/stm32f4xx_hal_uart.c.obj
 .text.HAL_UART_AbortReceiveCpltCallback
                0x08004790        0x2 CMakeFiles/recognition_car.elf.dir/Drivers/STM32F4xx_HAL_Driver/Src/stm32f4xx_hal_uart.c.obj
                0x08004790                HAL_UART_AbortReceiveCpltCallback
 *fill*         0x08004792        0x2 
 .text.HAL_UART_AbortReceive_IT
                0x08004794       0xbc CMakeFiles/recognition_car.elf.dir/Drivers/STM32F4xx_HAL_Driver/Src/stm32f4xx_hal_uart.c.obj
                0x08004794                HAL_UART_AbortReceive_IT
 .text.UART_DMARxOnlyAbortCallback
                0x08004850       0x16 CMakeFiles/recognition_car.elf.dir/Drivers/STM32F4xx_HAL_Driver/Src/stm32f4xx_hal_uart.c.obj
 .text.HAL_UARTEx_RxEventCallback
                0x08004866        0x2 CMakeFiles/recognition_car.elf.dir/Drivers/STM32F4xx_HAL_Driver/Src/stm32f4xx_hal_uart.c.obj
                0x08004866                HAL_UARTEx_RxEventCallback
 .text.UART_Receive_IT
                0x08004868       0xe2 CMakeFiles/recognition_car.elf.dir/Drivers/STM32F4xx_HAL_Driver/Src/stm32f4xx_hal_uart.c.obj
 *fill*         0x0800494a        0x2 
 .text.HAL_UART_IRQHandler
                0x0800494c      0x280 CMakeFiles/recognition_car.elf.dir/Drivers/STM32F4xx_HAL_Driver/Src/stm32f4xx_hal_uart.c.obj
                0x0800494c                HAL_UART_IRQHandler
 .text.UART_Start_Receive_IT
                0x08004bcc       0x36 CMakeFiles/recognition_car.elf.dir/Drivers/STM32F4xx_HAL_Driver/Src/stm32f4xx_hal_uart.c.obj
                0x08004bcc                UART_Start_Receive_IT
 .text.HAL_UART_Receive_IT
                0x08004c02       0x38 CMakeFiles/recognition_car.elf.dir/Drivers/STM32F4xx_HAL_Driver/Src/stm32f4xx_hal_uart.c.obj
                0x08004c02                HAL_UART_Receive_IT
 .text.Delay_us
                0x08004c3a       0x38 CMakeFiles/recognition_car.elf.dir/HEADWARE/HX711.c.obj
                0x08004c3a                Delay_us
 *fill*         0x08004c72        0x2 
 .text.Read_Weight
                0x08004c74       0xa0 CMakeFiles/recognition_car.elf.dir/HEADWARE/HX711.c.obj
                0x08004c74                Read_Weight
 *fill*         0x08004d14        0x4 
 .text.shoWeight
                0x08004d18       0x50 CMakeFiles/recognition_car.elf.dir/HEADWARE/HX711.c.obj
                0x08004d18                shoWeight
 .text.delay_ms
                0x08004d68       0x40 CMakeFiles/recognition_car.elf.dir/HEADWARE/HX711.c.obj
                0x08004d68                delay_ms
 .text.HAL_Delay
                0x08004da8        0xa CMakeFiles/recognition_car.elf.dir/HEADWARE/HX711.c.obj
                0x08004da8                HAL_Delay
 *fill*         0x08004db2        0x2 
 .text.Target_tracking
                0x08004db4       0xec CMakeFiles/recognition_car.elf.dir/HEADWARE/arithmetic.c.obj
                0x08004db4                Target_tracking
 .text.Target_tracking_3
                0x08004ea0       0xe4 CMakeFiles/recognition_car.elf.dir/HEADWARE/arithmetic.c.obj
                0x08004ea0                Target_tracking_3
 *fill*         0x08004f84        0x4 
 .text.Turn_1   0x08004f88      0x2e4 CMakeFiles/recognition_car.elf.dir/HEADWARE/arithmetic.c.obj
                0x08004f88                Turn_1
 *fill*         0x0800526c        0x4 
 .text.Turn_2_4
                0x08005270      0x5b0 CMakeFiles/recognition_car.elf.dir/HEADWARE/arithmetic.c.obj
                0x08005270                Turn_2_4
 .text.Totation
                0x08005820      0x1f0 CMakeFiles/recognition_car.elf.dir/HEADWARE/arithmetic.c.obj
                0x08005820                Totation
 .text.Totation_3
                0x08005a10      0x25c CMakeFiles/recognition_car.elf.dir/HEADWARE/arithmetic.c.obj
                0x08005a10                Totation_3
 *fill*         0x08005c6c        0x4 
 .text.Totation_5
                0x08005c70      0x27c CMakeFiles/recognition_car.elf.dir/HEADWARE/arithmetic.c.obj
                0x08005c70                Totation_5
 .text.ready_Totation
                0x08005eec       0x28 CMakeFiles/recognition_car.elf.dir/HEADWARE/arithmetic.c.obj
                0x08005eec                ready_Totation
 .text.motor_init
                0x08005f14       0x48 CMakeFiles/recognition_car.elf.dir/HEADWARE/motor.c.obj
                0x08005f14                motor_init
 .text.motor_1  0x08005f5c       0x34 CMakeFiles/recognition_car.elf.dir/HEADWARE/motor.c.obj
                0x08005f5c                motor_1
 .text.motor_2  0x08005f90       0x34 CMakeFiles/recognition_car.elf.dir/HEADWARE/motor.c.obj
                0x08005f90                motor_2
 .text.motor_control
                0x08005fc4       0x5e CMakeFiles/recognition_car.elf.dir/HEADWARE/motor.c.obj
                0x08005fc4                motor_control
 *fill*         0x08006022        0x2 
 .text.PID_location
                0x08006024      0x104 CMakeFiles/recognition_car.elf.dir/HEADWARE/pid.c.obj
                0x08006024                PID_location
 .text.PID_location_2
                0x08006128      0x130 CMakeFiles/recognition_car.elf.dir/HEADWARE/pid.c.obj
                0x08006128                PID_location_2
 .text.__errno  0x08006258        0xc d:/work_software/clion_embedded/gnu/10 2021.10/bin/../lib/gcc/arm-none-eabi/10.3.1/../../../../arm-none-eabi/lib/thumb/v7e-m/nofp\libg.a(lib_a-errno.o)
                0x08006258                __errno
 .text.__libc_init_array
                0x08006264       0x48 d:/work_software/clion_embedded/gnu/10 2021.10/bin/../lib/gcc/arm-none-eabi/10.3.1/../../../../arm-none-eabi/lib/thumb/v7e-m/nofp\libg.a(lib_a-init.o)
                0x08006264                __libc_init_array
 .text.memset   0x080062ac       0xa4 d:/work_software/clion_embedded/gnu/10 2021.10/bin/../lib/gcc/arm-none-eabi/10.3.1/../../../../arm-none-eabi/lib/thumb/v7e-m/nofp\libg.a(lib_a-memset.o)
                0x080062ac                memset
 .text.vsnprintf
                0x08006350       0x70 d:/work_software/clion_embedded/gnu/10 2021.10/bin/../lib/gcc/arm-none-eabi/10.3.1/../../../../arm-none-eabi/lib/thumb/v7e-m/nofp\libg.a(lib_a-vsnprintf.o)
                0x08006350                vsnprintf
 .text.startup.register_fini
                0x080063c0       0x14 d:/work_software/clion_embedded/gnu/10 2021.10/bin/../lib/gcc/arm-none-eabi/10.3.1/../../../../arm-none-eabi/lib/thumb/v7e-m/nofp\libg.a(lib_a-__call_atexit.o)
 .text.atexit   0x080063d4        0xc d:/work_software/clion_embedded/gnu/10 2021.10/bin/../lib/gcc/arm-none-eabi/10.3.1/../../../../arm-none-eabi/lib/thumb/v7e-m/nofp\libg.a(lib_a-atexit.o)
                0x080063d4                atexit
 .text.__libc_fini_array
                0x080063e0       0x2c d:/work_software/clion_embedded/gnu/10 2021.10/bin/../lib/gcc/arm-none-eabi/10.3.1/../../../../arm-none-eabi/lib/thumb/v7e-m/nofp\libg.a(lib_a-fini.o)
                0x080063e0                __libc_fini_array
 .text.__retarget_lock_init_recursive
                0x0800640c        0x4 d:/work_software/clion_embedded/gnu/10 2021.10/bin/../lib/gcc/arm-none-eabi/10.3.1/../../../../arm-none-eabi/lib/thumb/v7e-m/nofp\libg.a(lib_a-lock.o)
                0x0800640c                __retarget_lock_init_recursive
 .text.__retarget_lock_close_recursive
                0x08006410        0x4 d:/work_software/clion_embedded/gnu/10 2021.10/bin/../lib/gcc/arm-none-eabi/10.3.1/../../../../arm-none-eabi/lib/thumb/v7e-m/nofp\libg.a(lib_a-lock.o)
                0x08006410                __retarget_lock_close_recursive
 .text.__retarget_lock_acquire_recursive
                0x08006414        0x4 d:/work_software/clion_embedded/gnu/10 2021.10/bin/../lib/gcc/arm-none-eabi/10.3.1/../../../../arm-none-eabi/lib/thumb/v7e-m/nofp\libg.a(lib_a-lock.o)
                0x08006414                __retarget_lock_acquire_recursive
 .text.__retarget_lock_release_recursive
                0x08006418        0x4 d:/work_software/clion_embedded/gnu/10 2021.10/bin/../lib/gcc/arm-none-eabi/10.3.1/../../../../arm-none-eabi/lib/thumb/v7e-m/nofp\libg.a(lib_a-lock.o)
                0x08006418                __retarget_lock_release_recursive
 .text._svfprintf_r
                0x0800641c     0x1a3c d:/work_software/clion_embedded/gnu/10 2021.10/bin/../lib/gcc/arm-none-eabi/10.3.1/../../../../arm-none-eabi/lib/thumb/v7e-m/nofp\libg.a(lib_a-svfprintf.o)
                0x0800641c                _svfprintf_r
 .text.__register_exitproc
                0x08007e58       0x8c d:/work_software/clion_embedded/gnu/10 2021.10/bin/../lib/gcc/arm-none-eabi/10.3.1/../../../../arm-none-eabi/lib/thumb/v7e-m/nofp\libg.a(lib_a-__atexit.o)
                0x08007e58                __register_exitproc
 .text.quorem   0x08007ee4      0x124 d:/work_software/clion_embedded/gnu/10 2021.10/bin/../lib/gcc/arm-none-eabi/10.3.1/../../../../arm-none-eabi/lib/thumb/v7e-m/nofp\libg.a(lib_a-dtoa.o)
 .text._dtoa_r  0x08008008      0xec4 d:/work_software/clion_embedded/gnu/10 2021.10/bin/../lib/gcc/arm-none-eabi/10.3.1/../../../../arm-none-eabi/lib/thumb/v7e-m/nofp\libg.a(lib_a-dtoa.o)
                0x08008008                _dtoa_r
 .text._malloc_trim_r
                0x08008ecc       0xa0 d:/work_software/clion_embedded/gnu/10 2021.10/bin/../lib/gcc/arm-none-eabi/10.3.1/../../../../arm-none-eabi/lib/thumb/v7e-m/nofp\libg.a(lib_a-freer.o)
                0x08008ecc                _malloc_trim_r
 .text._free_r  0x08008f6c      0x20c d:/work_software/clion_embedded/gnu/10 2021.10/bin/../lib/gcc/arm-none-eabi/10.3.1/../../../../arm-none-eabi/lib/thumb/v7e-m/nofp\libg.a(lib_a-freer.o)
                0x08008f6c                _free_r
 .text._localeconv_r
                0x08009178        0x8 d:/work_software/clion_embedded/gnu/10 2021.10/bin/../lib/gcc/arm-none-eabi/10.3.1/../../../../arm-none-eabi/lib/thumb/v7e-m/nofp\libg.a(lib_a-localeconv.o)
                0x08009178                _localeconv_r
 .text._malloc_r
                0x08009180      0x560 d:/work_software/clion_embedded/gnu/10 2021.10/bin/../lib/gcc/arm-none-eabi/10.3.1/../../../../arm-none-eabi/lib/thumb/v7e-m/nofp\libg.a(lib_a-mallocr.o)
                0x08009180                _malloc_r
 .text.__malloc_lock
                0x080096e0        0xc d:/work_software/clion_embedded/gnu/10 2021.10/bin/../lib/gcc/arm-none-eabi/10.3.1/../../../../arm-none-eabi/lib/thumb/v7e-m/nofp\libg.a(lib_a-mlock.o)
                0x080096e0                __malloc_lock
 .text.__malloc_unlock
                0x080096ec        0xc d:/work_software/clion_embedded/gnu/10 2021.10/bin/../lib/gcc/arm-none-eabi/10.3.1/../../../../arm-none-eabi/lib/thumb/v7e-m/nofp\libg.a(lib_a-mlock.o)
                0x080096ec                __malloc_unlock
 .text._Balloc  0x080096f8       0x4c d:/work_software/clion_embedded/gnu/10 2021.10/bin/../lib/gcc/arm-none-eabi/10.3.1/../../../../arm-none-eabi/lib/thumb/v7e-m/nofp\libg.a(lib_a-mprec.o)
                0x080096f8                _Balloc
 .text._Bfree   0x08009744       0x14 d:/work_software/clion_embedded/gnu/10 2021.10/bin/../lib/gcc/arm-none-eabi/10.3.1/../../../../arm-none-eabi/lib/thumb/v7e-m/nofp\libg.a(lib_a-mprec.o)
                0x08009744                _Bfree
 .text.__multadd
                0x08009758       0xa0 d:/work_software/clion_embedded/gnu/10 2021.10/bin/../lib/gcc/arm-none-eabi/10.3.1/../../../../arm-none-eabi/lib/thumb/v7e-m/nofp\libg.a(lib_a-mprec.o)
                0x08009758                __multadd
 .text.__hi0bits
                0x080097f8       0x40 d:/work_software/clion_embedded/gnu/10 2021.10/bin/../lib/gcc/arm-none-eabi/10.3.1/../../../../arm-none-eabi/lib/thumb/v7e-m/nofp\libg.a(lib_a-mprec.o)
                0x080097f8                __hi0bits
 .text.__lo0bits
                0x08009838       0x5c d:/work_software/clion_embedded/gnu/10 2021.10/bin/../lib/gcc/arm-none-eabi/10.3.1/../../../../arm-none-eabi/lib/thumb/v7e-m/nofp\libg.a(lib_a-mprec.o)
                0x08009838                __lo0bits
 .text.__i2b    0x08009894       0x5c d:/work_software/clion_embedded/gnu/10 2021.10/bin/../lib/gcc/arm-none-eabi/10.3.1/../../../../arm-none-eabi/lib/thumb/v7e-m/nofp\libg.a(lib_a-mprec.o)
                0x08009894                __i2b
 .text.__multiply
                0x080098f0      0x15c d:/work_software/clion_embedded/gnu/10 2021.10/bin/../lib/gcc/arm-none-eabi/10.3.1/../../../../arm-none-eabi/lib/thumb/v7e-m/nofp\libg.a(lib_a-mprec.o)
                0x080098f0                __multiply
 .text.__pow5mult
                0x08009a4c       0xc0 d:/work_software/clion_embedded/gnu/10 2021.10/bin/../lib/gcc/arm-none-eabi/10.3.1/../../../../arm-none-eabi/lib/thumb/v7e-m/nofp\libg.a(lib_a-mprec.o)
                0x08009a4c                __pow5mult
 .text.__lshift
                0x08009b0c       0xf0 d:/work_software/clion_embedded/gnu/10 2021.10/bin/../lib/gcc/arm-none-eabi/10.3.1/../../../../arm-none-eabi/lib/thumb/v7e-m/nofp\libg.a(lib_a-mprec.o)
                0x08009b0c                __lshift
 .text.__mcmp   0x08009bfc       0x40 d:/work_software/clion_embedded/gnu/10 2021.10/bin/../lib/gcc/arm-none-eabi/10.3.1/../../../../arm-none-eabi/lib/thumb/v7e-m/nofp\libg.a(lib_a-mprec.o)
                0x08009bfc                __mcmp
 .text.__mdiff  0x08009c3c      0x14c d:/work_software/clion_embedded/gnu/10 2021.10/bin/../lib/gcc/arm-none-eabi/10.3.1/../../../../arm-none-eabi/lib/thumb/v7e-m/nofp\libg.a(lib_a-mprec.o)
                0x08009c3c                __mdiff
 .text.__d2b    0x08009d88       0xc4 d:/work_software/clion_embedded/gnu/10 2021.10/bin/../lib/gcc/arm-none-eabi/10.3.1/../../../../arm-none-eabi/lib/thumb/v7e-m/nofp\libg.a(lib_a-mprec.o)
                0x08009d88                __d2b
 .text.frexp    0x08009e4c       0x70 d:/work_software/clion_embedded/gnu/10 2021.10/bin/../lib/gcc/arm-none-eabi/10.3.1/../../../../arm-none-eabi/lib/thumb/v7e-m/nofp\libg.a(lib_a-s_frexp.o)
                0x08009e4c                frexp
 .text._sbrk_r  0x08009ebc       0x24 d:/work_software/clion_embedded/gnu/10 2021.10/bin/../lib/gcc/arm-none-eabi/10.3.1/../../../../arm-none-eabi/lib/thumb/v7e-m/nofp\libg.a(lib_a-sbrkr.o)
                0x08009ebc                _sbrk_r
 .text.strncpy  0x08009ee0       0x64 d:/work_software/clion_embedded/gnu/10 2021.10/bin/../lib/gcc/arm-none-eabi/10.3.1/../../../../arm-none-eabi/lib/thumb/v7e-m/nofp\libg.a(lib_a-strncpy.o)
                0x08009ee0                strncpy
 .text.__ssprint_r
                0x08009f44       0xf8 d:/work_software/clion_embedded/gnu/10 2021.10/bin/../lib/gcc/arm-none-eabi/10.3.1/../../../../arm-none-eabi/lib/thumb/v7e-m/nofp\libg.a(lib_a-svfiprintf.o)
                0x08009f44                __ssprint_r
 .text.__assert_func
                0x0800a03c       0x40 d:/work_software/clion_embedded/gnu/10 2021.10/bin/../lib/gcc/arm-none-eabi/10.3.1/../../../../arm-none-eabi/lib/thumb/v7e-m/nofp\libg.a(lib_a-assert.o)
                0x0800a03c                __assert_func
 .text._calloc_r
                0x0800a07c       0x78 d:/work_software/clion_embedded/gnu/10 2021.10/bin/../lib/gcc/arm-none-eabi/10.3.1/../../../../arm-none-eabi/lib/thumb/v7e-m/nofp\libg.a(lib_a-callocr.o)
                0x0800a07c                _calloc_r
 .text.fiprintf
                0x0800a0f4       0x28 d:/work_software/clion_embedded/gnu/10 2021.10/bin/../lib/gcc/arm-none-eabi/10.3.1/../../../../arm-none-eabi/lib/thumb/v7e-m/nofp\libg.a(lib_a-fiprintf.o)
                0x0800a0f4                fiprintf
 .text.__locale_mb_cur_max
                0x0800a11c        0xc d:/work_software/clion_embedded/gnu/10 2021.10/bin/../lib/gcc/arm-none-eabi/10.3.1/../../../../arm-none-eabi/lib/thumb/v7e-m/nofp\libg.a(lib_a-locale.o)
                0x0800a11c                __locale_mb_cur_max
 .text.__ascii_mbtowc
                0x0800a128       0x2c d:/work_software/clion_embedded/gnu/10 2021.10/bin/../lib/gcc/arm-none-eabi/10.3.1/../../../../arm-none-eabi/lib/thumb/v7e-m/nofp\libg.a(lib_a-mbtowc_r.o)
                0x0800a128                __ascii_mbtowc
 .text.memmove  0x0800a154       0xf8 d:/work_software/clion_embedded/gnu/10 2021.10/bin/../lib/gcc/arm-none-eabi/10.3.1/../../../../arm-none-eabi/lib/thumb/v7e-m/nofp\libg.a(lib_a-memmove.o)
                0x0800a154                memmove
 .text._realloc_r
                0x0800a24c      0x3d8 d:/work_software/clion_embedded/gnu/10 2021.10/bin/../lib/gcc/arm-none-eabi/10.3.1/../../../../arm-none-eabi/lib/thumb/v7e-m/nofp\libg.a(lib_a-reallocr.o)
                0x0800a24c                _realloc_r
 .text.__sprint_r.part.0
                0x0800a624       0x78 d:/work_software/clion_embedded/gnu/10 2021.10/bin/../lib/gcc/arm-none-eabi/10.3.1/../../../../arm-none-eabi/lib/thumb/v7e-m/nofp\libg.a(lib_a-vfiprintf.o)
 .text._vfiprintf_r
                0x0800a69c      0xda0 d:/work_software/clion_embedded/gnu/10 2021.10/bin/../lib/gcc/arm-none-eabi/10.3.1/../../../../arm-none-eabi/lib/thumb/v7e-m/nofp\libg.a(lib_a-vfiprintf.o)
                0x0800a69c                _vfiprintf_r
 .text.__sbprintf
                0x0800b43c       0x80 d:/work_software/clion_embedded/gnu/10 2021.10/bin/../lib/gcc/arm-none-eabi/10.3.1/../../../../arm-none-eabi/lib/thumb/v7e-m/nofp\libg.a(lib_a-vfiprintf.o)
 .text.__ascii_wctomb
                0x0800b4bc       0x1c d:/work_software/clion_embedded/gnu/10 2021.10/bin/../lib/gcc/arm-none-eabi/10.3.1/../../../../arm-none-eabi/lib/thumb/v7e-m/nofp\libg.a(lib_a-wctomb_r.o)
                0x0800b4bc                __ascii_wctomb
 .text.__swsetup_r
                0x0800b4d8       0xd4 d:/work_software/clion_embedded/gnu/10 2021.10/bin/../lib/gcc/arm-none-eabi/10.3.1/../../../../arm-none-eabi/lib/thumb/v7e-m/nofp\libg.a(lib_a-wsetup.o)
                0x0800b4d8                __swsetup_r
 .text.abort    0x0800b5ac       0x10 d:/work_software/clion_embedded/gnu/10 2021.10/bin/../lib/gcc/arm-none-eabi/10.3.1/../../../../arm-none-eabi/lib/thumb/v7e-m/nofp\libg.a(lib_a-abort.o)
                0x0800b5ac                abort
 .text.__sflush_r
                0x0800b5bc      0x120 d:/work_software/clion_embedded/gnu/10 2021.10/bin/../lib/gcc/arm-none-eabi/10.3.1/../../../../arm-none-eabi/lib/thumb/v7e-m/nofp\libg.a(lib_a-fflush.o)
                0x0800b5bc                __sflush_r
 .text._fflush_r
                0x0800b6dc       0x5c d:/work_software/clion_embedded/gnu/10 2021.10/bin/../lib/gcc/arm-none-eabi/10.3.1/../../../../arm-none-eabi/lib/thumb/v7e-m/nofp\libg.a(lib_a-fflush.o)
                0x0800b6dc                _fflush_r
 .text._cleanup_r
                0x0800b738        0xc d:/work_software/clion_embedded/gnu/10 2021.10/bin/../lib/gcc/arm-none-eabi/10.3.1/../../../../arm-none-eabi/lib/thumb/v7e-m/nofp\libg.a(lib_a-findfp.o)
                0x0800b738                _cleanup_r
 .text.__sinit  0x0800b744      0x10c d:/work_software/clion_embedded/gnu/10 2021.10/bin/../lib/gcc/arm-none-eabi/10.3.1/../../../../arm-none-eabi/lib/thumb/v7e-m/nofp\libg.a(lib_a-findfp.o)
                0x0800b744                __sinit
 .text.__sfp_lock_acquire
                0x0800b850        0xc d:/work_software/clion_embedded/gnu/10 2021.10/bin/../lib/gcc/arm-none-eabi/10.3.1/../../../../arm-none-eabi/lib/thumb/v7e-m/nofp\libg.a(lib_a-findfp.o)
                0x0800b850                __sfp_lock_acquire
 .text.__sfp_lock_release
                0x0800b85c        0xc d:/work_software/clion_embedded/gnu/10 2021.10/bin/../lib/gcc/arm-none-eabi/10.3.1/../../../../arm-none-eabi/lib/thumb/v7e-m/nofp\libg.a(lib_a-findfp.o)
                0x0800b85c                __sfp_lock_release
 .text.__fputwc
                0x0800b868       0xa8 d:/work_software/clion_embedded/gnu/10 2021.10/bin/../lib/gcc/arm-none-eabi/10.3.1/../../../../arm-none-eabi/lib/thumb/v7e-m/nofp\libg.a(lib_a-fputwc.o)
                0x0800b868                __fputwc
 .text._fputwc_r
                0x0800b910       0x68 d:/work_software/clion_embedded/gnu/10 2021.10/bin/../lib/gcc/arm-none-eabi/10.3.1/../../../../arm-none-eabi/lib/thumb/v7e-m/nofp\libg.a(lib_a-fputwc.o)
                0x0800b910                _fputwc_r
 .text.__sfvwrite_r
                0x0800b978      0x2e8 d:/work_software/clion_embedded/gnu/10 2021.10/bin/../lib/gcc/arm-none-eabi/10.3.1/../../../../arm-none-eabi/lib/thumb/v7e-m/nofp\libg.a(lib_a-fvwrite.o)
                0x0800b978                __sfvwrite_r
 .text._fwalk_reent
                0x0800bc60       0x48 d:/work_software/clion_embedded/gnu/10 2021.10/bin/../lib/gcc/arm-none-eabi/10.3.1/../../../../arm-none-eabi/lib/thumb/v7e-m/nofp\libg.a(lib_a-fwalk.o)
                0x0800bc60                _fwalk_reent
 .text.__smakebuf_r
                0x0800bca8       0xe0 d:/work_software/clion_embedded/gnu/10 2021.10/bin/../lib/gcc/arm-none-eabi/10.3.1/../../../../arm-none-eabi/lib/thumb/v7e-m/nofp\libg.a(lib_a-makebuf.o)
                0x0800bca8                __smakebuf_r
 .text.raise    0x0800bd88       0x5c d:/work_software/clion_embedded/gnu/10 2021.10/bin/../lib/gcc/arm-none-eabi/10.3.1/../../../../arm-none-eabi/lib/thumb/v7e-m/nofp\libg.a(lib_a-signal.o)
                0x0800bd88                raise
 .text._kill_r  0x0800bde4       0x2c d:/work_software/clion_embedded/gnu/10 2021.10/bin/../lib/gcc/arm-none-eabi/10.3.1/../../../../arm-none-eabi/lib/thumb/v7e-m/nofp\libg.a(lib_a-signalr.o)
                0x0800bde4                _kill_r
 .text._getpid_r
                0x0800be10        0x4 d:/work_software/clion_embedded/gnu/10 2021.10/bin/../lib/gcc/arm-none-eabi/10.3.1/../../../../arm-none-eabi/lib/thumb/v7e-m/nofp\libg.a(lib_a-signalr.o)
                0x0800be10                _getpid_r
 .text.__sread  0x0800be14       0x24 d:/work_software/clion_embedded/gnu/10 2021.10/bin/../lib/gcc/arm-none-eabi/10.3.1/../../../../arm-none-eabi/lib/thumb/v7e-m/nofp\libg.a(lib_a-stdio.o)
                0x0800be14                __sread
 .text.__swrite
                0x0800be38       0x40 d:/work_software/clion_embedded/gnu/10 2021.10/bin/../lib/gcc/arm-none-eabi/10.3.1/../../../../arm-none-eabi/lib/thumb/v7e-m/nofp\libg.a(lib_a-stdio.o)
                0x0800be38                __swrite
 .text.__sseek  0x0800be78       0x20 d:/work_software/clion_embedded/gnu/10 2021.10/bin/../lib/gcc/arm-none-eabi/10.3.1/../../../../arm-none-eabi/lib/thumb/v7e-m/nofp\libg.a(lib_a-stdio.o)
                0x0800be78                __sseek
 .text.__sclose
                0x0800be98        0x8 d:/work_software/clion_embedded/gnu/10 2021.10/bin/../lib/gcc/arm-none-eabi/10.3.1/../../../../arm-none-eabi/lib/thumb/v7e-m/nofp\libg.a(lib_a-stdio.o)
                0x0800be98                __sclose
 .text.__swbuf_r
                0x0800bea0       0xb0 d:/work_software/clion_embedded/gnu/10 2021.10/bin/../lib/gcc/arm-none-eabi/10.3.1/../../../../arm-none-eabi/lib/thumb/v7e-m/nofp\libg.a(lib_a-wbuf.o)
                0x0800bea0                __swbuf_r
 .text._wcrtomb_r
                0x0800bf50       0x3c d:/work_software/clion_embedded/gnu/10 2021.10/bin/../lib/gcc/arm-none-eabi/10.3.1/../../../../arm-none-eabi/lib/thumb/v7e-m/nofp\libg.a(lib_a-wcrtomb.o)
                0x0800bf50                _wcrtomb_r
 .text._write_r
                0x0800bf8c       0x2c d:/work_software/clion_embedded/gnu/10 2021.10/bin/../lib/gcc/arm-none-eabi/10.3.1/../../../../arm-none-eabi/lib/thumb/v7e-m/nofp\libg.a(lib_a-writer.o)
                0x0800bf8c                _write_r
 .text._close_r
                0x0800bfb8       0x24 d:/work_software/clion_embedded/gnu/10 2021.10/bin/../lib/gcc/arm-none-eabi/10.3.1/../../../../arm-none-eabi/lib/thumb/v7e-m/nofp\libg.a(lib_a-closer.o)
                0x0800bfb8                _close_r
 .text._fclose_r
                0x0800bfdc       0xcc d:/work_software/clion_embedded/gnu/10 2021.10/bin/../lib/gcc/arm-none-eabi/10.3.1/../../../../arm-none-eabi/lib/thumb/v7e-m/nofp\libg.a(lib_a-fclose.o)
                0x0800bfdc                _fclose_r
 .text._fstat_r
                0x0800c0a8       0x2c d:/work_software/clion_embedded/gnu/10 2021.10/bin/../lib/gcc/arm-none-eabi/10.3.1/../../../../arm-none-eabi/lib/thumb/v7e-m/nofp\libg.a(lib_a-fstatr.o)
                0x0800c0a8                _fstat_r
 .text._isatty_r
                0x0800c0d4       0x24 d:/work_software/clion_embedded/gnu/10 2021.10/bin/../lib/gcc/arm-none-eabi/10.3.1/../../../../arm-none-eabi/lib/thumb/v7e-m/nofp\libg.a(lib_a-isattyr.o)
                0x0800c0d4                _isatty_r
 .text._lseek_r
                0x0800c0f8       0x2c d:/work_software/clion_embedded/gnu/10 2021.10/bin/../lib/gcc/arm-none-eabi/10.3.1/../../../../arm-none-eabi/lib/thumb/v7e-m/nofp\libg.a(lib_a-lseekr.o)
                0x0800c0f8                _lseek_r
 .text._read_r  0x0800c124       0x2c d:/work_software/clion_embedded/gnu/10 2021.10/bin/../lib/gcc/arm-none-eabi/10.3.1/../../../../arm-none-eabi/lib/thumb/v7e-m/nofp\libg.a(lib_a-readr.o)
                0x0800c124                _read_r
 *(.glue_7)
 .glue_7        0x0800c150        0x0 linker stubs
 *(.glue_7t)
 .glue_7t       0x0800c150        0x0 linker stubs
 *(.eh_frame)
 .eh_frame      0x0800c150        0x0 d:/work_software/clion_embedded/gnu/10 2021.10/bin/../lib/gcc/arm-none-eabi/10.3.1/thumb/v7e-m/nofp/crtbegin.o
 *(.init)
 .init          0x0800c150        0x4 d:/work_software/clion_embedded/gnu/10 2021.10/bin/../lib/gcc/arm-none-eabi/10.3.1/thumb/v7e-m/nofp/crti.o
                0x0800c150                _init
 .init          0x0800c154        0x8 d:/work_software/clion_embedded/gnu/10 2021.10/bin/../lib/gcc/arm-none-eabi/10.3.1/thumb/v7e-m/nofp/crtn.o
 *(.fini)
 .fini          0x0800c15c        0x4 d:/work_software/clion_embedded/gnu/10 2021.10/bin/../lib/gcc/arm-none-eabi/10.3.1/thumb/v7e-m/nofp/crti.o
                0x0800c15c                _fini
 .fini          0x0800c160        0x8 d:/work_software/clion_embedded/gnu/10 2021.10/bin/../lib/gcc/arm-none-eabi/10.3.1/thumb/v7e-m/nofp/crtn.o
                0x0800c168                . = ALIGN (0x4)
                0x0800c168                _etext = .

.vfp11_veneer   0x0800c168        0x0
 .vfp11_veneer  0x0800c168        0x0 linker stubs

.v4_bx          0x0800c168        0x0
 .v4_bx         0x0800c168        0x0 linker stubs

.iplt           0x0800c168        0x0
 .iplt          0x0800c168        0x0 d:/work_software/clion_embedded/gnu/10 2021.10/bin/../lib/gcc/arm-none-eabi/10.3.1/thumb/v7e-m/nofp/crtbegin.o

.rodata         0x0800c168      0x468
                0x0800c168                . = ALIGN (0x4)
 *(.rodata)
 .rodata        0x0800c168       0x14 CMakeFiles/recognition_car.elf.dir/Core/Src/task.c.obj
 *(.rodata*)
 .rodata.Receive6_treatment.str1.4
                0x0800c17c        0x7 CMakeFiles/recognition_car.elf.dir/Core/Src/main.c.obj
 *fill*         0x0800c183        0x1 
 .rodata.AHBPrescTable
                0x0800c184       0x10 CMakeFiles/recognition_car.elf.dir/Core/Src/system_stm32f4xx.c.obj
                0x0800c184                AHBPrescTable
 .rodata.APBPrescTable
                0x0800c194        0x8 CMakeFiles/recognition_car.elf.dir/Core/Src/system_stm32f4xx.c.obj
                0x0800c194                APBPrescTable
 .rodata.Task_1.str1.4
                0x0800c19c       0x10 CMakeFiles/recognition_car.elf.dir/Core/Src/task.c.obj
 .rodata.Task_5.str1.4
                0x0800c1ac       0x18 CMakeFiles/recognition_car.elf.dir/Core/Src/task.c.obj
 .rodata.Totation.str1.4
                0x0800c1c4        0x6 CMakeFiles/recognition_car.elf.dir/HEADWARE/arithmetic.c.obj
 *fill*         0x0800c1ca        0x2 
 .rodata.Totation_5.str1.4
                0x0800c1cc        0x6 CMakeFiles/recognition_car.elf.dir/HEADWARE/arithmetic.c.obj
 *fill*         0x0800c1d2        0x2 
 .rodata._global_impure_ptr
                0x0800c1d4        0x4 d:/work_software/clion_embedded/gnu/10 2021.10/bin/../lib/gcc/arm-none-eabi/10.3.1/../../../../arm-none-eabi/lib/thumb/v7e-m/nofp\libg.a(lib_a-impure.o)
                0x0800c1d4                _global_impure_ptr
 .rodata._svfprintf_r.str1.4
                0x0800c1d8       0x42 d:/work_software/clion_embedded/gnu/10 2021.10/bin/../lib/gcc/arm-none-eabi/10.3.1/../../../../arm-none-eabi/lib/thumb/v7e-m/nofp\libg.a(lib_a-svfprintf.o)
 *fill*         0x0800c21a        0x2 
 .rodata.blanks.1
                0x0800c21c       0x10 d:/work_software/clion_embedded/gnu/10 2021.10/bin/../lib/gcc/arm-none-eabi/10.3.1/../../../../arm-none-eabi/lib/thumb/v7e-m/nofp\libg.a(lib_a-svfprintf.o)
 .rodata.zeroes.0
                0x0800c22c       0x10 d:/work_software/clion_embedded/gnu/10 2021.10/bin/../lib/gcc/arm-none-eabi/10.3.1/../../../../arm-none-eabi/lib/thumb/v7e-m/nofp\libg.a(lib_a-svfprintf.o)
 .rodata._dtoa_r.str1.4
                0x0800c23c       0xa2 d:/work_software/clion_embedded/gnu/10 2021.10/bin/../lib/gcc/arm-none-eabi/10.3.1/../../../../arm-none-eabi/lib/thumb/v7e-m/nofp\libg.a(lib_a-dtoa.o)
                                 0xa6 (size before relaxing)
 *fill*         0x0800c2de        0x2 
 .rodata.__multadd.str1.4
                0x0800c2e0       0x7f d:/work_software/clion_embedded/gnu/10 2021.10/bin/../lib/gcc/arm-none-eabi/10.3.1/../../../../arm-none-eabi/lib/thumb/v7e-m/nofp\libg.a(lib_a-mprec.o)
                                 0x93 (size before relaxing)
 *fill*         0x0800c35f        0x1 
 .rodata.__mprec_bigtens
                0x0800c360       0x28 d:/work_software/clion_embedded/gnu/10 2021.10/bin/../lib/gcc/arm-none-eabi/10.3.1/../../../../arm-none-eabi/lib/thumb/v7e-m/nofp\libg.a(lib_a-mprec.o)
                0x0800c360                __mprec_bigtens
 .rodata.__mprec_tens
                0x0800c388       0xc8 d:/work_software/clion_embedded/gnu/10 2021.10/bin/../lib/gcc/arm-none-eabi/10.3.1/../../../../arm-none-eabi/lib/thumb/v7e-m/nofp\libg.a(lib_a-mprec.o)
                0x0800c388                __mprec_tens
 .rodata.p05.0  0x0800c450        0xc d:/work_software/clion_embedded/gnu/10 2021.10/bin/../lib/gcc/arm-none-eabi/10.3.1/../../../../arm-none-eabi/lib/thumb/v7e-m/nofp\libg.a(lib_a-mprec.o)
 .rodata.__assert_func.str1.4
                0x0800c45c       0x3f d:/work_software/clion_embedded/gnu/10 2021.10/bin/../lib/gcc/arm-none-eabi/10.3.1/../../../../arm-none-eabi/lib/thumb/v7e-m/nofp\libg.a(lib_a-assert.o)
                                 0x43 (size before relaxing)
 *fill*         0x0800c49b        0x1 
 .rodata._setlocale_r.str1.4
                0x0800c49c        0xa d:/work_software/clion_embedded/gnu/10 2021.10/bin/../lib/gcc/arm-none-eabi/10.3.1/../../../../arm-none-eabi/lib/thumb/v7e-m/nofp\libg.a(lib_a-locale.o)
                                  0xd (size before relaxing)
 *fill*         0x0800c4a6        0x2 
 .rodata.str1.4
                0x0800c4a8        0x2 d:/work_software/clion_embedded/gnu/10 2021.10/bin/../lib/gcc/arm-none-eabi/10.3.1/../../../../arm-none-eabi/lib/thumb/v7e-m/nofp\libg.a(lib_a-locale.o)
 .rodata._vfiprintf_r.str1.4
                0x0800c4aa       0x2f d:/work_software/clion_embedded/gnu/10 2021.10/bin/../lib/gcc/arm-none-eabi/10.3.1/../../../../arm-none-eabi/lib/thumb/v7e-m/nofp\libg.a(lib_a-vfiprintf.o)
 *fill*         0x0800c4aa        0x2 
 .rodata.blanks.1
                0x0800c4ac       0x10 d:/work_software/clion_embedded/gnu/10 2021.10/bin/../lib/gcc/arm-none-eabi/10.3.1/../../../../arm-none-eabi/lib/thumb/v7e-m/nofp\libg.a(lib_a-vfiprintf.o)
 .rodata.zeroes.0
                0x0800c4bc       0x10 d:/work_software/clion_embedded/gnu/10 2021.10/bin/../lib/gcc/arm-none-eabi/10.3.1/../../../../arm-none-eabi/lib/thumb/v7e-m/nofp\libg.a(lib_a-vfiprintf.o)
 .rodata._ctype_
                0x0800c4cc      0x101 d:/work_software/clion_embedded/gnu/10 2021.10/bin/../lib/gcc/arm-none-eabi/10.3.1/../../../../arm-none-eabi/lib/thumb/v7e-m/nofp\libg.a(lib_a-ctype_.o)
                0x0800c4cc                _ctype_
                0x0800c5d0                . = ALIGN (0x4)
 *fill*         0x0800c5cd        0x3 

.ARM.extab      0x0800c5d0        0x0
                0x0800c5d0                . = ALIGN (0x4)
 *(.ARM.extab* .gnu.linkonce.armextab.*)
                0x0800c5d0                . = ALIGN (0x4)

.ARM            0x0800c5d0        0x8
                0x0800c5d0                . = ALIGN (0x4)
                0x0800c5d0                __exidx_start = .
 *(.ARM.exidx*)
 .ARM.exidx     0x0800c5d0        0x8 d:/work_software/clion_embedded/gnu/10 2021.10/bin/../lib/gcc/arm-none-eabi/10.3.1/thumb/v7e-m/nofp\libgcc.a(_udivmoddi4.o)
                0x0800c5d8                __exidx_end = .
                0x0800c5d8                . = ALIGN (0x4)

.rel.dyn        0x0800c5d8        0x0
 .rel.iplt      0x0800c5d8        0x0 d:/work_software/clion_embedded/gnu/10 2021.10/bin/../lib/gcc/arm-none-eabi/10.3.1/thumb/v7e-m/nofp/crtbegin.o

.preinit_array  0x0800c5d8        0x0
                0x0800c5d8                . = ALIGN (0x4)
                0x0800c5d8                PROVIDE (__preinit_array_start = .)
 *(.preinit_array*)
                0x0800c5d8                PROVIDE (__preinit_array_end = .)
                0x0800c5d8                . = ALIGN (0x4)

.init_array     0x0800c5d8        0x8
                0x0800c5d8                . = ALIGN (0x4)
                0x0800c5d8                PROVIDE (__init_array_start = .)
 *(SORT_BY_NAME(.init_array.*))
 .init_array.00000
                0x0800c5d8        0x4 d:/work_software/clion_embedded/gnu/10 2021.10/bin/../lib/gcc/arm-none-eabi/10.3.1/../../../../arm-none-eabi/lib/thumb/v7e-m/nofp\libg.a(lib_a-__call_atexit.o)
 *(.init_array*)
 .init_array    0x0800c5dc        0x4 d:/work_software/clion_embedded/gnu/10 2021.10/bin/../lib/gcc/arm-none-eabi/10.3.1/thumb/v7e-m/nofp/crtbegin.o
                0x0800c5e0                PROVIDE (__init_array_end = .)
                0x0800c5e0                . = ALIGN (0x4)

.fini_array     0x0800c5e0        0x4
                0x0800c5e0                . = ALIGN (0x4)
                0x0800c5e0                PROVIDE (__fini_array_start = .)
 *(SORT_BY_NAME(.fini_array.*))
 *(.fini_array*)
 .fini_array    0x0800c5e0        0x4 d:/work_software/clion_embedded/gnu/10 2021.10/bin/../lib/gcc/arm-none-eabi/10.3.1/thumb/v7e-m/nofp/crtbegin.o
                0x0800c5e4                PROVIDE (__fini_array_end = .)
                0x0800c5e4                . = ALIGN (0x4)
                0x0800c5e4                _sidata = LOADADDR (.data)

.data           0x20000000      0x9d8 load address 0x0800c5e4
                0x20000000                . = ALIGN (0x4)
                0x20000000                _sdata = .
 *(.data)
 *(.data*)
 .data.EncCnt   0x20000000        0x4 CMakeFiles/recognition_car.elf.dir/Core/Src/main.c.obj
                0x20000000                EncCnt
 .data.EncCnt_2
                0x20000004        0x4 CMakeFiles/recognition_car.elf.dir/Core/Src/main.c.obj
                0x20000004                EncCnt_2
 .data.Turn_around
                0x20000008        0x4 CMakeFiles/recognition_car.elf.dir/Core/Src/main.c.obj
                0x20000008                Turn_around
 .data.dirction_distance
                0x2000000c        0x4 CMakeFiles/recognition_car.elf.dir/Core/Src/main.c.obj
                0x2000000c                dirction_distance
 .data.pid_flag
                0x20000010        0x2 CMakeFiles/recognition_car.elf.dir/Core/Src/main.c.obj
                0x20000010                pid_flag
 *fill*         0x20000012        0x2 
 .data.turn_date
                0x20000014        0x4 CMakeFiles/recognition_car.elf.dir/Core/Src/main.c.obj
                0x20000014                turn_date
 .data.SystemCoreClock
                0x20000018        0x4 CMakeFiles/recognition_car.elf.dir/Core/Src/system_stm32f4xx.c.obj
                0x20000018                SystemCoreClock
 .data.uwTickFreq
                0x2000001c        0x1 CMakeFiles/recognition_car.elf.dir/Drivers/STM32F4xx_HAL_Driver/Src/stm32f4xx_hal.c.obj
                0x2000001c                uwTickFreq
 *fill*         0x2000001d        0x3 
 .data.uwTickPrio
                0x20000020        0x4 CMakeFiles/recognition_car.elf.dir/Drivers/STM32F4xx_HAL_Driver/Src/stm32f4xx_hal.c.obj
                0x20000020                uwTickPrio
 .data.average_speed_34
                0x20000024        0x4 CMakeFiles/recognition_car.elf.dir/HEADWARE/arithmetic.c.obj
                0x20000024                average_speed_34
 .data._impure_ptr
                0x20000028        0x4 d:/work_software/clion_embedded/gnu/10 2021.10/bin/../lib/gcc/arm-none-eabi/10.3.1/../../../../arm-none-eabi/lib/thumb/v7e-m/nofp\libg.a(lib_a-impure.o)
                0x20000028                _impure_ptr
 *fill*         0x2000002c        0x4 
 .data.impure_data
                0x20000030      0x428 d:/work_software/clion_embedded/gnu/10 2021.10/bin/../lib/gcc/arm-none-eabi/10.3.1/../../../../arm-none-eabi/lib/thumb/v7e-m/nofp\libg.a(lib_a-impure.o)
 .data.__atexit_recursive_mutex
                0x20000458        0x4 d:/work_software/clion_embedded/gnu/10 2021.10/bin/../lib/gcc/arm-none-eabi/10.3.1/../../../../arm-none-eabi/lib/thumb/v7e-m/nofp\libg.a(lib_a-__call_atexit.o)
                0x20000458                __atexit_recursive_mutex
 .data.__malloc_av_
                0x2000045c      0x408 d:/work_software/clion_embedded/gnu/10 2021.10/bin/../lib/gcc/arm-none-eabi/10.3.1/../../../../arm-none-eabi/lib/thumb/v7e-m/nofp\libg.a(lib_a-mallocr.o)
                0x2000045c                __malloc_av_
 .data.__malloc_sbrk_base
                0x20000864        0x4 d:/work_software/clion_embedded/gnu/10 2021.10/bin/../lib/gcc/arm-none-eabi/10.3.1/../../../../arm-none-eabi/lib/thumb/v7e-m/nofp\libg.a(lib_a-mallocr.o)
                0x20000864                __malloc_sbrk_base
 .data.__malloc_trim_threshold
                0x20000868        0x4 d:/work_software/clion_embedded/gnu/10 2021.10/bin/../lib/gcc/arm-none-eabi/10.3.1/../../../../arm-none-eabi/lib/thumb/v7e-m/nofp\libg.a(lib_a-mallocr.o)
                0x20000868                __malloc_trim_threshold
 .data.__global_locale
                0x2000086c      0x16c d:/work_software/clion_embedded/gnu/10 2021.10/bin/../lib/gcc/arm-none-eabi/10.3.1/../../../../arm-none-eabi/lib/thumb/v7e-m/nofp\libg.a(lib_a-locale.o)
                0x2000086c                __global_locale
 *(.RamFunc)
 *(.RamFunc*)
                0x200009d8                . = ALIGN (0x4)
                0x200009d8                _edata = .

.igot.plt       0x200009d8        0x0 load address 0x0800cfbc
 .igot.plt      0x200009d8        0x0 d:/work_software/clion_embedded/gnu/10 2021.10/bin/../lib/gcc/arm-none-eabi/10.3.1/thumb/v7e-m/nofp/crtbegin.o
                0x200009d8                . = ALIGN (0x4)

.bss            0x200009d8      0x40c load address 0x0800cfbc
                0x200009d8                _sbss = .
                0x200009d8                __bss_start__ = _sbss
 *(.bss)
 .bss           0x200009d8       0x1c d:/work_software/clion_embedded/gnu/10 2021.10/bin/../lib/gcc/arm-none-eabi/10.3.1/thumb/v7e-m/nofp/crtbegin.o
 *(.bss*)
 *fill*         0x200009f4        0x4 
 .bss.Car_wheel
                0x200009f8       0x80 CMakeFiles/recognition_car.elf.dir/Core/Src/main.c.obj
                0x200009f8                Car_wheel
 .bss.Date      0x20000a78        0x3 CMakeFiles/recognition_car.elf.dir/Core/Src/main.c.obj
                0x20000a78                Date
 *fill*         0x20000a7b        0x1 
 .bss.N_1.4     0x20000a7c        0x4 CMakeFiles/recognition_car.elf.dir/Core/Src/main.c.obj
 .bss.N_2.2     0x20000a80        0x4 CMakeFiles/recognition_car.elf.dir/Core/Src/main.c.obj
 .bss.Res       0x20000a84        0x1 CMakeFiles/recognition_car.elf.dir/Core/Src/main.c.obj
                0x20000a84                Res
 .bss.Ress      0x20000a85        0x1 CMakeFiles/recognition_car.elf.dir/Core/Src/main.c.obj
                0x20000a85                Ress
 *fill*         0x20000a86        0x2 
 .bss.Video_rx_buf
                0x20000a88        0xa CMakeFiles/recognition_car.elf.dir/Core/Src/main.c.obj
                0x20000a88                Video_rx_buf
 .bss.Video_rx_con
                0x20000a92        0x1 CMakeFiles/recognition_car.elf.dir/Core/Src/main.c.obj
                0x20000a92                Video_rx_con
 *fill*         0x20000a93        0x1 
 .bss.carstaion
                0x20000a94        0xd CMakeFiles/recognition_car.elf.dir/Core/Src/main.c.obj
                0x20000a94                carstaion
 *fill*         0x20000aa1        0x3 
 .bss.encoder_1.5
                0x20000aa4        0x8 CMakeFiles/recognition_car.elf.dir/Core/Src/main.c.obj
 .bss.encoder_2.3
                0x20000aac        0x8 CMakeFiles/recognition_car.elf.dir/Core/Src/main.c.obj
 .bss.mode      0x20000ab4        0x1 CMakeFiles/recognition_car.elf.dir/Core/Src/main.c.obj
                0x20000ab4                mode
 *fill*         0x20000ab5        0x3 
 .bss.rev6_flag
                0x20000ab8        0x4 CMakeFiles/recognition_car.elf.dir/Core/Src/main.c.obj
                0x20000ab8                rev6_flag
 .bss.uart6_Res
                0x20000abc        0x1 CMakeFiles/recognition_car.elf.dir/Core/Src/main.c.obj
                0x20000abc                uart6_Res
 *fill*         0x20000abd        0x3 
 .bss.uart6_rx_buf
                0x20000ac0        0xa CMakeFiles/recognition_car.elf.dir/Core/Src/main.c.obj
                0x20000ac0                uart6_rx_buf
 .bss.uart6_rx_con
                0x20000aca        0x1 CMakeFiles/recognition_car.elf.dir/Core/Src/main.c.obj
                0x20000aca                uart6_rx_con
 *fill*         0x20000acb        0x1 
 .bss.__sbrk_heap_end
                0x20000acc        0x4 CMakeFiles/recognition_car.elf.dir/Core/Src/sysmem.c.obj
 .bss.htim10    0x20000ad0       0x48 CMakeFiles/recognition_car.elf.dir/Core/Src/tim.c.obj
                0x20000ad0                htim10
 .bss.htim2     0x20000b18       0x48 CMakeFiles/recognition_car.elf.dir/Core/Src/tim.c.obj
                0x20000b18                htim2
 .bss.htim3     0x20000b60       0x48 CMakeFiles/recognition_car.elf.dir/Core/Src/tim.c.obj
                0x20000b60                htim3
 .bss.htim4     0x20000ba8       0x48 CMakeFiles/recognition_car.elf.dir/Core/Src/tim.c.obj
                0x20000ba8                htim4
 .bss.htim5     0x20000bf0       0x48 CMakeFiles/recognition_car.elf.dir/Core/Src/tim.c.obj
                0x20000bf0                htim5
 .bss.huart1    0x20000c38       0x44 CMakeFiles/recognition_car.elf.dir/Core/Src/usart.c.obj
                0x20000c38                huart1
 .bss.huart2    0x20000c7c       0x44 CMakeFiles/recognition_car.elf.dir/Core/Src/usart.c.obj
                0x20000c7c                huart2
 .bss.huart6    0x20000cc0       0x44 CMakeFiles/recognition_car.elf.dir/Core/Src/usart.c.obj
                0x20000cc0                huart6
 .bss.uwTick    0x20000d04        0x4 CMakeFiles/recognition_car.elf.dir/Drivers/STM32F4xx_HAL_Driver/Src/stm32f4xx_hal.c.obj
                0x20000d04                uwTick
 .bss.Differential_speed
                0x20000d08        0x4 CMakeFiles/recognition_car.elf.dir/HEADWARE/arithmetic.c.obj
 *fill*         0x20000d0c        0x4 
 .bss.PID_angle
                0x20000d10       0x28 CMakeFiles/recognition_car.elf.dir/HEADWARE/arithmetic.c.obj
 .bss.PID_angle_1
                0x20000d38       0x28 CMakeFiles/recognition_car.elf.dir/HEADWARE/arithmetic.c.obj
 .bss.PID_position_2
                0x20000d60       0x28 CMakeFiles/recognition_car.elf.dir/HEADWARE/arithmetic.c.obj
 .bss.average_speed
                0x20000d88        0x4 CMakeFiles/recognition_car.elf.dir/HEADWARE/arithmetic.c.obj
 .bss.i.0       0x20000d8c        0x4 CMakeFiles/recognition_car.elf.dir/HEADWARE/arithmetic.c.obj
 .bss.ii.1      0x20000d90        0x4 CMakeFiles/recognition_car.elf.dir/HEADWARE/arithmetic.c.obj
 .bss.ii.2      0x20000d94        0x4 CMakeFiles/recognition_car.elf.dir/HEADWARE/arithmetic.c.obj
 .bss.weight_falg
                0x20000d98        0x4 CMakeFiles/recognition_car.elf.dir/HEADWARE/arithmetic.c.obj
                0x20000d98                weight_falg
 .bss.__lock___atexit_recursive_mutex
                0x20000d9c        0x1 d:/work_software/clion_embedded/gnu/10 2021.10/bin/../lib/gcc/arm-none-eabi/10.3.1/../../../../arm-none-eabi/lib/thumb/v7e-m/nofp\libg.a(lib_a-lock.o)
                0x20000d9c                __lock___atexit_recursive_mutex
 *fill*         0x20000d9d        0x3 
 .bss.__lock___malloc_recursive_mutex
                0x20000da0        0x1 d:/work_software/clion_embedded/gnu/10 2021.10/bin/../lib/gcc/arm-none-eabi/10.3.1/../../../../arm-none-eabi/lib/thumb/v7e-m/nofp\libg.a(lib_a-lock.o)
                0x20000da0                __lock___malloc_recursive_mutex
 *fill*         0x20000da1        0x3 
 .bss.__lock___sfp_recursive_mutex
                0x20000da4        0x1 d:/work_software/clion_embedded/gnu/10 2021.10/bin/../lib/gcc/arm-none-eabi/10.3.1/../../../../arm-none-eabi/lib/thumb/v7e-m/nofp\libg.a(lib_a-lock.o)
                0x20000da4                __lock___sfp_recursive_mutex
 *fill*         0x20000da5        0x3 
 .bss.__lock___sinit_recursive_mutex
                0x20000da8        0x1 d:/work_software/clion_embedded/gnu/10 2021.10/bin/../lib/gcc/arm-none-eabi/10.3.1/../../../../arm-none-eabi/lib/thumb/v7e-m/nofp\libg.a(lib_a-lock.o)
                0x20000da8                __lock___sinit_recursive_mutex
 *fill*         0x20000da9        0x3 
 .bss.__malloc_current_mallinfo
                0x20000dac       0x28 d:/work_software/clion_embedded/gnu/10 2021.10/bin/../lib/gcc/arm-none-eabi/10.3.1/../../../../arm-none-eabi/lib/thumb/v7e-m/nofp\libg.a(lib_a-mallocr.o)
                0x20000dac                __malloc_current_mallinfo
 .bss.__malloc_max_sbrked_mem
                0x20000dd4        0x4 d:/work_software/clion_embedded/gnu/10 2021.10/bin/../lib/gcc/arm-none-eabi/10.3.1/../../../../arm-none-eabi/lib/thumb/v7e-m/nofp\libg.a(lib_a-mallocr.o)
                0x20000dd4                __malloc_max_sbrked_mem
 .bss.__malloc_max_total_mem
                0x20000dd8        0x4 d:/work_software/clion_embedded/gnu/10 2021.10/bin/../lib/gcc/arm-none-eabi/10.3.1/../../../../arm-none-eabi/lib/thumb/v7e-m/nofp\libg.a(lib_a-mallocr.o)
                0x20000dd8                __malloc_max_total_mem
 .bss.__malloc_top_pad
                0x20000ddc        0x4 d:/work_software/clion_embedded/gnu/10 2021.10/bin/../lib/gcc/arm-none-eabi/10.3.1/../../../../arm-none-eabi/lib/thumb/v7e-m/nofp\libg.a(lib_a-mallocr.o)
                0x20000ddc                __malloc_top_pad
 .bss.errno     0x20000de0        0x4 d:/work_software/clion_embedded/gnu/10 2021.10/bin/../lib/gcc/arm-none-eabi/10.3.1/../../../../arm-none-eabi/lib/thumb/v7e-m/nofp\libg.a(lib_a-reent.o)
                0x20000de0                errno
 *(COMMON)
                0x20000de4                . = ALIGN (0x4)
                0x20000de4                _ebss = .
                0x20000de4                __bss_end__ = _ebss

._user_heap_stack
                0x20000de4      0x604 load address 0x0800cfbc
                0x20000de8                . = ALIGN (0x8)
 *fill*         0x20000de4        0x4 
                [!provide]                PROVIDE (end = .)
                0x20000de8                PROVIDE (_end = .)
                0x20000fe8                . = (. + _Min_Heap_Size)
 *fill*         0x20000de8      0x200 
                0x200013e8                . = (. + _Min_Stack_Size)
 *fill*         0x20000fe8      0x400 
                0x200013e8                . = ALIGN (0x8)

/DISCARD/
 libc.a(*)
 libm.a(*)
 libgcc.a(*)

.ARM.attributes
                0x00000000       0x2a
 *(.ARM.attributes)
 .ARM.attributes
                0x00000000       0x1e d:/work_software/clion_embedded/gnu/10 2021.10/bin/../lib/gcc/arm-none-eabi/10.3.1/thumb/v7e-m/nofp/crti.o
 .ARM.attributes
                0x0000001e       0x2e d:/work_software/clion_embedded/gnu/10 2021.10/bin/../lib/gcc/arm-none-eabi/10.3.1/thumb/v7e-m/nofp/crtbegin.o
 .ARM.attributes
                0x0000004c       0x2e CMakeFiles/recognition_car.elf.dir/Core/Src/gpio.c.obj
 .ARM.attributes
                0x0000007a       0x2e CMakeFiles/recognition_car.elf.dir/Core/Src/main.c.obj
 .ARM.attributes
                0x000000a8       0x2e CMakeFiles/recognition_car.elf.dir/Core/Src/stm32f4xx_hal_msp.c.obj
 .ARM.attributes
                0x000000d6       0x2e CMakeFiles/recognition_car.elf.dir/Core/Src/stm32f4xx_it.c.obj
 .ARM.attributes
                0x00000104       0x2e CMakeFiles/recognition_car.elf.dir/Core/Src/syscalls.c.obj
 .ARM.attributes
                0x00000132       0x2e CMakeFiles/recognition_car.elf.dir/Core/Src/sysmem.c.obj
 .ARM.attributes
                0x00000160       0x2e CMakeFiles/recognition_car.elf.dir/Core/Src/system_stm32f4xx.c.obj
 .ARM.attributes
                0x0000018e       0x2e CMakeFiles/recognition_car.elf.dir/Core/Src/task.c.obj
 .ARM.attributes
                0x000001bc       0x2e CMakeFiles/recognition_car.elf.dir/Core/Src/tim.c.obj
 .ARM.attributes
                0x000001ea       0x2e CMakeFiles/recognition_car.elf.dir/Core/Src/usart.c.obj
 .ARM.attributes
                0x00000218       0x21 CMakeFiles/recognition_car.elf.dir/Core/Startup/startup_stm32f401ccux.s.obj
 .ARM.attributes
                0x00000239       0x2e CMakeFiles/recognition_car.elf.dir/Drivers/STM32F4xx_HAL_Driver/Src/stm32f4xx_hal.c.obj
 .ARM.attributes
                0x00000267       0x2e CMakeFiles/recognition_car.elf.dir/Drivers/STM32F4xx_HAL_Driver/Src/stm32f4xx_hal_cortex.c.obj
 .ARM.attributes
                0x00000295       0x2e CMakeFiles/recognition_car.elf.dir/Drivers/STM32F4xx_HAL_Driver/Src/stm32f4xx_hal_dma.c.obj
 .ARM.attributes
                0x000002c3       0x2e CMakeFiles/recognition_car.elf.dir/Drivers/STM32F4xx_HAL_Driver/Src/stm32f4xx_hal_gpio.c.obj
 .ARM.attributes
                0x000002f1       0x2e CMakeFiles/recognition_car.elf.dir/Drivers/STM32F4xx_HAL_Driver/Src/stm32f4xx_hal_rcc.c.obj
 .ARM.attributes
                0x0000031f       0x2e CMakeFiles/recognition_car.elf.dir/Drivers/STM32F4xx_HAL_Driver/Src/stm32f4xx_hal_tim.c.obj
 .ARM.attributes
                0x0000034d       0x2e CMakeFiles/recognition_car.elf.dir/Drivers/STM32F4xx_HAL_Driver/Src/stm32f4xx_hal_tim_ex.c.obj
 .ARM.attributes
                0x0000037b       0x2e CMakeFiles/recognition_car.elf.dir/Drivers/STM32F4xx_HAL_Driver/Src/stm32f4xx_hal_uart.c.obj
 .ARM.attributes
                0x000003a9       0x2e CMakeFiles/recognition_car.elf.dir/HEADWARE/HX711.c.obj
 .ARM.attributes
                0x000003d7       0x2e CMakeFiles/recognition_car.elf.dir/HEADWARE/arithmetic.c.obj
 .ARM.attributes
                0x00000405       0x2e CMakeFiles/recognition_car.elf.dir/HEADWARE/motor.c.obj
 .ARM.attributes
                0x00000433       0x2e CMakeFiles/recognition_car.elf.dir/HEADWARE/pid.c.obj
 .ARM.attributes
                0x00000461       0x1e d:/work_software/clion_embedded/gnu/10 2021.10/bin/../lib/gcc/arm-none-eabi/10.3.1/thumb/v7e-m/nofp\libgcc.a(_arm_addsubdf3.o)
 .ARM.attributes
                0x0000047f       0x1e d:/work_software/clion_embedded/gnu/10 2021.10/bin/../lib/gcc/arm-none-eabi/10.3.1/thumb/v7e-m/nofp\libgcc.a(_arm_cmpdf2.o)
 .ARM.attributes
                0x0000049d       0x1e d:/work_software/clion_embedded/gnu/10 2021.10/bin/../lib/gcc/arm-none-eabi/10.3.1/thumb/v7e-m/nofp\libgcc.a(_arm_fixdfsi.o)
 .ARM.attributes
                0x000004bb       0x1e d:/work_software/clion_embedded/gnu/10 2021.10/bin/../lib/gcc/arm-none-eabi/10.3.1/thumb/v7e-m/nofp\libgcc.a(_arm_fixunsdfsi.o)
 .ARM.attributes
                0x000004d9       0x1e d:/work_software/clion_embedded/gnu/10 2021.10/bin/../lib/gcc/arm-none-eabi/10.3.1/thumb/v7e-m/nofp\libgcc.a(_arm_truncdfsf2.o)
 .ARM.attributes
                0x000004f7       0x1e d:/work_software/clion_embedded/gnu/10 2021.10/bin/../lib/gcc/arm-none-eabi/10.3.1/thumb/v7e-m/nofp\libgcc.a(_arm_addsubsf3.o)
 .ARM.attributes
                0x00000515       0x1e d:/work_software/clion_embedded/gnu/10 2021.10/bin/../lib/gcc/arm-none-eabi/10.3.1/thumb/v7e-m/nofp\libgcc.a(_arm_muldivsf3.o)
 .ARM.attributes
                0x00000533       0x1e d:/work_software/clion_embedded/gnu/10 2021.10/bin/../lib/gcc/arm-none-eabi/10.3.1/thumb/v7e-m/nofp\libgcc.a(_arm_cmpsf2.o)
 .ARM.attributes
                0x00000551       0x1e d:/work_software/clion_embedded/gnu/10 2021.10/bin/../lib/gcc/arm-none-eabi/10.3.1/thumb/v7e-m/nofp\libgcc.a(_arm_fixsfsi.o)
 .ARM.attributes
                0x0000056f       0x1e d:/work_software/clion_embedded/gnu/10 2021.10/bin/../lib/gcc/arm-none-eabi/10.3.1/thumb/v7e-m/nofp\libgcc.a(_arm_fixunssfsi.o)
 .ARM.attributes
                0x0000058d       0x1e d:/work_software/clion_embedded/gnu/10 2021.10/bin/../lib/gcc/arm-none-eabi/10.3.1/thumb/v7e-m/nofp\libgcc.a(_aeabi_uldivmod.o)
 .ARM.attributes
                0x000005ab       0x2e d:/work_software/clion_embedded/gnu/10 2021.10/bin/../lib/gcc/arm-none-eabi/10.3.1/thumb/v7e-m/nofp\libgcc.a(_udivmoddi4.o)
 .ARM.attributes
                0x000005d9       0x1e d:/work_software/clion_embedded/gnu/10 2021.10/bin/../lib/gcc/arm-none-eabi/10.3.1/thumb/v7e-m/nofp\libgcc.a(_dvmd_tls.o)
 .ARM.attributes
                0x000005f7       0x2e d:/work_software/clion_embedded/gnu/10 2021.10/bin/../lib/gcc/arm-none-eabi/10.3.1/../../../../arm-none-eabi/lib/thumb/v7e-m/nofp\libg.a(lib_a-errno.o)
 .ARM.attributes
                0x00000625       0x2e d:/work_software/clion_embedded/gnu/10 2021.10/bin/../lib/gcc/arm-none-eabi/10.3.1/../../../../arm-none-eabi/lib/thumb/v7e-m/nofp\libg.a(lib_a-impure.o)
 .ARM.attributes
                0x00000653       0x2e d:/work_software/clion_embedded/gnu/10 2021.10/bin/../lib/gcc/arm-none-eabi/10.3.1/../../../../arm-none-eabi/lib/thumb/v7e-m/nofp\libg.a(lib_a-init.o)
 .ARM.attributes
                0x00000681       0x2e d:/work_software/clion_embedded/gnu/10 2021.10/bin/../lib/gcc/arm-none-eabi/10.3.1/../../../../arm-none-eabi/lib/thumb/v7e-m/nofp\libg.a(lib_a-memset.o)
 .ARM.attributes
                0x000006af       0x2e d:/work_software/clion_embedded/gnu/10 2021.10/bin/../lib/gcc/arm-none-eabi/10.3.1/../../../../arm-none-eabi/lib/thumb/v7e-m/nofp\libg.a(lib_a-vsnprintf.o)
 .ARM.attributes
                0x000006dd       0x2e d:/work_software/clion_embedded/gnu/10 2021.10/bin/../lib/gcc/arm-none-eabi/10.3.1/../../../../arm-none-eabi/lib/thumb/v7e-m/nofp\libg.a(lib_a-__call_atexit.o)
 .ARM.attributes
                0x0000070b       0x2e d:/work_software/clion_embedded/gnu/10 2021.10/bin/../lib/gcc/arm-none-eabi/10.3.1/../../../../arm-none-eabi/lib/thumb/v7e-m/nofp\libg.a(lib_a-atexit.o)
 .ARM.attributes
                0x00000739       0x2e d:/work_software/clion_embedded/gnu/10 2021.10/bin/../lib/gcc/arm-none-eabi/10.3.1/../../../../arm-none-eabi/lib/thumb/v7e-m/nofp\libg.a(lib_a-fini.o)
 .ARM.attributes
                0x00000767       0x2e d:/work_software/clion_embedded/gnu/10 2021.10/bin/../lib/gcc/arm-none-eabi/10.3.1/../../../../arm-none-eabi/lib/thumb/v7e-m/nofp\libg.a(lib_a-lock.o)
 .ARM.attributes
                0x00000795       0x2e d:/work_software/clion_embedded/gnu/10 2021.10/bin/../lib/gcc/arm-none-eabi/10.3.1/../../../../arm-none-eabi/lib/thumb/v7e-m/nofp\libg.a(lib_a-svfprintf.o)
 .ARM.attributes
                0x000007c3       0x2e d:/work_software/clion_embedded/gnu/10 2021.10/bin/../lib/gcc/arm-none-eabi/10.3.1/../../../../arm-none-eabi/lib/thumb/v7e-m/nofp\libg.a(lib_a-__atexit.o)
 .ARM.attributes
                0x000007f1       0x2e d:/work_software/clion_embedded/gnu/10 2021.10/bin/../lib/gcc/arm-none-eabi/10.3.1/../../../../arm-none-eabi/lib/thumb/v7e-m/nofp\libg.a(lib_a-dtoa.o)
 .ARM.attributes
                0x0000081f       0x2e d:/work_software/clion_embedded/gnu/10 2021.10/bin/../lib/gcc/arm-none-eabi/10.3.1/../../../../arm-none-eabi/lib/thumb/v7e-m/nofp\libg.a(lib_a-freer.o)
 .ARM.attributes
                0x0000084d       0x2e d:/work_software/clion_embedded/gnu/10 2021.10/bin/../lib/gcc/arm-none-eabi/10.3.1/../../../../arm-none-eabi/lib/thumb/v7e-m/nofp\libg.a(lib_a-localeconv.o)
 .ARM.attributes
                0x0000087b       0x2e d:/work_software/clion_embedded/gnu/10 2021.10/bin/../lib/gcc/arm-none-eabi/10.3.1/../../../../arm-none-eabi/lib/thumb/v7e-m/nofp\libg.a(lib_a-mallocr.o)
 .ARM.attributes
                0x000008a9       0x1c d:/work_software/clion_embedded/gnu/10 2021.10/bin/../lib/gcc/arm-none-eabi/10.3.1/../../../../arm-none-eabi/lib/thumb/v7e-m/nofp\libg.a(lib_a-memchr.o)
 .ARM.attributes
                0x000008c5       0x1c d:/work_software/clion_embedded/gnu/10 2021.10/bin/../lib/gcc/arm-none-eabi/10.3.1/../../../../arm-none-eabi/lib/thumb/v7e-m/nofp\libg.a(lib_a-memcpy.o)
 .ARM.attributes
                0x000008e1       0x2e d:/work_software/clion_embedded/gnu/10 2021.10/bin/../lib/gcc/arm-none-eabi/10.3.1/../../../../arm-none-eabi/lib/thumb/v7e-m/nofp\libg.a(lib_a-mlock.o)
 .ARM.attributes
                0x0000090f       0x2e d:/work_software/clion_embedded/gnu/10 2021.10/bin/../lib/gcc/arm-none-eabi/10.3.1/../../../../arm-none-eabi/lib/thumb/v7e-m/nofp\libg.a(lib_a-mprec.o)
 .ARM.attributes
                0x0000093d       0x2e d:/work_software/clion_embedded/gnu/10 2021.10/bin/../lib/gcc/arm-none-eabi/10.3.1/../../../../arm-none-eabi/lib/thumb/v7e-m/nofp\libg.a(lib_a-s_frexp.o)
 .ARM.attributes
                0x0000096b       0x2e d:/work_software/clion_embedded/gnu/10 2021.10/bin/../lib/gcc/arm-none-eabi/10.3.1/../../../../arm-none-eabi/lib/thumb/v7e-m/nofp\libg.a(lib_a-sbrkr.o)
 .ARM.attributes
                0x00000999       0x1c d:/work_software/clion_embedded/gnu/10 2021.10/bin/../lib/gcc/arm-none-eabi/10.3.1/../../../../arm-none-eabi/lib/thumb/v7e-m/nofp\libg.a(lib_a-strlen.o)
 .ARM.attributes
                0x000009b5       0x2e d:/work_software/clion_embedded/gnu/10 2021.10/bin/../lib/gcc/arm-none-eabi/10.3.1/../../../../arm-none-eabi/lib/thumb/v7e-m/nofp\libg.a(lib_a-strncpy.o)
 .ARM.attributes